******************************************************************************
             TMS320C2000 Linker PC v21.6.0                     
******************************************************************************
>> Linked Sun Jul 17 13:41:18 2022

OUTPUT FILE NAME:   <Bachelorproject.out>
ENTRY POINT SYMBOL: "_c_int00"  address: 003f7497


MEMORY CONFIGURATION

         name            origin    length      used     unused   attr    fill
----------------------  --------  ---------  --------  --------  ----  --------
PAGE 0:
  RAML0                 00008000   00001000  00000000  00001000  RWIX
  OTP                   003d7800   00000400  00000000  00000400  RWIX
  FLASHD                003f4000   00001000  00000000  00001000  RWIX
  FLASHC                003f5000   00001000  00000000  00001000  RWIX
  FLASHA                003f7000   00000f80  0000076f  00000811  RWIX
  CSM_RSVD              003f7f80   00000076  00000000  00000076  RWIX
  BEGIN                 003f7ff6   00000002  00000002  00000000  RWIX
  CSM_PWL               003f7ff8   00000008  00000000  00000008  RWIX
  ROM                   003ff000   00000fc0  00000000  00000fc0  RWIX
  RESET                 003fffc0   00000002  00000000  00000002  RWIX
  VECTORS               003fffc2   0000003e  00000000  0000003e  RWIX

PAGE 1:
  RAMM0                 00000000   00000400  00000300  00000100  RWIX
  BOOT_RSVD             00000400   00000080  00000000  00000080  RWIX
  RAMM1                 00000480   00000380  0000001c  00000364  RWIX
  DEV_EMU               00000880   00000180  000000d0  000000b0  RWIX
  FLASH_REGS            00000a80   00000060  00000008  00000058  RWIX
  CSM                   00000ae0   00000010  00000010  00000000  RWIX
  ADC_MIRROR            00000b00   00000010  00000010  00000000  RWIX
  CPU_TIMER0            00000c00   00000008  00000008  00000000  RWIX
  CPU_TIMER1            00000c08   00000008  00000008  00000000  RWIX
  CPU_TIMER2            00000c10   00000008  00000008  00000000  RWIX
  PIE_CTRL              00000ce0   00000020  0000001a  00000006  RWIX
  PIE_VECT              00000d00   00000100  00000100  00000000  RWIX
  ECANA                 00006000   00000040  00000034  0000000c  RWIX
  ECANA_LAM             00006040   00000040  00000040  00000000  RWIX
  ECANA_MOTS            00006080   00000040  00000040  00000000  RWIX
  ECANA_MOTO            000060c0   00000040  00000040  00000000  RWIX
  ECANA_MBOX            00006100   00000100  00000100  00000000  RWIX
  ECANB                 00006200   00000040  00000034  0000000c  RWIX
  ECANB_LAM             00006240   00000040  00000040  00000000  RWIX
  ECANB_MOTS            00006280   00000040  00000040  00000000  RWIX
  ECANB_MOTO            000062c0   00000040  00000040  00000000  RWIX
  ECANB_MBOX            00006300   00000100  00000100  00000000  RWIX
  EPWM1                 00006800   00000022  00000022  00000000  RWIX
  EPWM2                 00006840   00000022  00000022  00000000  RWIX
  EPWM3                 00006880   00000022  00000022  00000000  RWIX
  EPWM4                 000068c0   00000022  00000022  00000000  RWIX
  EPWM5                 00006900   00000022  00000022  00000000  RWIX
  EPWM6                 00006940   00000022  00000022  00000000  RWIX
  ECAP1                 00006a00   00000020  00000020  00000000  RWIX
  ECAP2                 00006a20   00000020  00000020  00000000  RWIX
  ECAP3                 00006a40   00000020  00000020  00000000  RWIX
  ECAP4                 00006a60   00000020  00000020  00000000  RWIX
  EQEP1                 00006b00   00000040  00000040  00000000  RWIX
  EQEP2                 00006b40   00000040  00000040  00000000  RWIX
  GPIOCTRL              00006f80   00000040  00000040  00000000  RWIX
  GPIODAT               00006fc0   00000020  00000020  00000000  RWIX
  GPIOINT               00006fe0   00000020  0000000a  00000016  RWIX
  SYSTEM                00007010   00000020  00000020  00000000  RWIX
  SPIA                  00007040   00000010  00000010  00000000  RWIX
  SCIA                  00007050   00000010  00000010  00000000  RWIX
  XINTRUPT              00007070   00000010  00000010  00000000  RWIX
  ADC                   00007100   00000020  0000001e  00000002  RWIX
  SPIB                  00007740   00000010  00000010  00000000  RWIX
  SCIB                  00007750   00000010  00000010  00000000  RWIX
  SPIC                  00007760   00000010  00000010  00000000  RWIX
  SPID                  00007780   00000010  00000010  00000000  RWIX
  I2CA                  00007900   00000040  00000022  0000001e  RWIX
  FLASHB                003f6000   00001000  00000000  00001000  RWIX
  CSM_PWL               003f7ff8   00000008  00000008  00000000  RWIX


SECTION ALLOCATION MAP

 output                                  attributes/
section   page    origin      length       input sections
--------  ----  ----------  ----------   ----------------
ramfuncs   0    00008000    00000000     UNINITIALIZED

.cinit     0    003f7732    0000003e     
                  003f7732    00000024     Blinking_LED_main.obj (.cinit)
                  003f7756    0000000e     rts2800_ml.lib : exit.c.obj (.cinit)
                  003f7764    00000005                    : _lock.c.obj (.cinit:__lock)
                  003f7769    00000005                    : _lock.c.obj (.cinit:__unlock)
                  003f776e    00000002     --HOLE-- [fill = 0]

DevEmuRegsFile 
*          1    00000880    000000d0     UNINITIALIZED
                  00000880    000000d0     DSP280x_GlobalVariableDefs.obj (DevEmuRegsFile)

FlashRegsFile 
*          1    00000a80    00000008     UNINITIALIZED
                  00000a80    00000008     DSP280x_GlobalVariableDefs.obj (FlashRegsFile)

CsmRegsFile 
*          1    00000ae0    00000010     UNINITIALIZED
                  00000ae0    00000010     DSP280x_GlobalVariableDefs.obj (CsmRegsFile)

AdcMirrorFile 
*          1    00000b00    00000010     UNINITIALIZED
                  00000b00    00000010     DSP280x_GlobalVariableDefs.obj (AdcMirrorFile)

CpuTimer0RegsFile 
*          1    00000c00    00000008     UNINITIALIZED
                  00000c00    00000008     DSP280x_GlobalVariableDefs.obj (CpuTimer0RegsFile)

CpuTimer1RegsFile 
*          1    00000c08    00000008     UNINITIALIZED
                  00000c08    00000008     DSP280x_GlobalVariableDefs.obj (CpuTimer1RegsFile)

CpuTimer2RegsFile 
*          1    00000c10    00000008     UNINITIALIZED
                  00000c10    00000008     DSP280x_GlobalVariableDefs.obj (CpuTimer2RegsFile)

PieCtrlRegsFile 
*          1    00000ce0    0000001a     UNINITIALIZED
                  00000ce0    0000001a     DSP280x_GlobalVariableDefs.obj (PieCtrlRegsFile)

PieVectTableFile 
*          1    00000d00    00000100     UNINITIALIZED
                  00000d00    00000100     DSP280x_GlobalVariableDefs.obj (PieVectTableFile)

ECanaRegsFile 
*          1    00006000    00000034     UNINITIALIZED
                  00006000    00000034     DSP280x_GlobalVariableDefs.obj (ECanaRegsFile)

ECanaLAMRegsFile 
*          1    00006040    00000040     UNINITIALIZED
                  00006040    00000040     DSP280x_GlobalVariableDefs.obj (ECanaLAMRegsFile)

ECanaMOTSRegsFile 
*          1    00006080    00000040     UNINITIALIZED
                  00006080    00000040     DSP280x_GlobalVariableDefs.obj (ECanaMOTSRegsFile)

ECanaMOTORegsFile 
*          1    000060c0    00000040     UNINITIALIZED
                  000060c0    00000040     DSP280x_GlobalVariableDefs.obj (ECanaMOTORegsFile)

ECanaMboxesFile 
*          1    00006100    00000100     UNINITIALIZED
                  00006100    00000100     DSP280x_GlobalVariableDefs.obj (ECanaMboxesFile)

ECanbRegsFile 
*          1    00006200    00000034     UNINITIALIZED
                  00006200    00000034     DSP280x_GlobalVariableDefs.obj (ECanbRegsFile)

ECanbLAMRegsFile 
*          1    00006240    00000040     UNINITIALIZED
                  00006240    00000040     DSP280x_GlobalVariableDefs.obj (ECanbLAMRegsFile)

ECanbMOTSRegsFile 
*          1    00006280    00000040     UNINITIALIZED
                  00006280    00000040     DSP280x_GlobalVariableDefs.obj (ECanbMOTSRegsFile)

ECanbMOTORegsFile 
*          1    000062c0    00000040     UNINITIALIZED
                  000062c0    00000040     DSP280x_GlobalVariableDefs.obj (ECanbMOTORegsFile)

ECanbMboxesFile 
*          1    00006300    00000100     UNINITIALIZED
                  00006300    00000100     DSP280x_GlobalVariableDefs.obj (ECanbMboxesFile)

EPwm1RegsFile 
*          1    00006800    00000022     UNINITIALIZED
                  00006800    00000022     DSP280x_GlobalVariableDefs.obj (EPwm1RegsFile)

EPwm2RegsFile 
*          1    00006840    00000022     UNINITIALIZED
                  00006840    00000022     DSP280x_GlobalVariableDefs.obj (EPwm2RegsFile)

EPwm3RegsFile 
*          1    00006880    00000022     UNINITIALIZED
                  00006880    00000022     DSP280x_GlobalVariableDefs.obj (EPwm3RegsFile)

EPwm4RegsFile 
*          1    000068c0    00000022     UNINITIALIZED
                  000068c0    00000022     DSP280x_GlobalVariableDefs.obj (EPwm4RegsFile)

EPwm5RegsFile 
*          1    00006900    00000022     UNINITIALIZED
                  00006900    00000022     DSP280x_GlobalVariableDefs.obj (EPwm5RegsFile)

EPwm6RegsFile 
*          1    00006940    00000022     UNINITIALIZED
                  00006940    00000022     DSP280x_GlobalVariableDefs.obj (EPwm6RegsFile)

ECap1RegsFile 
*          1    00006a00    00000020     UNINITIALIZED
                  00006a00    00000020     DSP280x_GlobalVariableDefs.obj (ECap1RegsFile)

ECap2RegsFile 
*          1    00006a20    00000020     UNINITIALIZED
                  00006a20    00000020     DSP280x_GlobalVariableDefs.obj (ECap2RegsFile)

ECap3RegsFile 
*          1    00006a40    00000020     UNINITIALIZED
                  00006a40    00000020     DSP280x_GlobalVariableDefs.obj (ECap3RegsFile)

ECap4RegsFile 
*          1    00006a60    00000020     UNINITIALIZED
                  00006a60    00000020     DSP280x_GlobalVariableDefs.obj (ECap4RegsFile)

EQep1RegsFile 
*          1    00006b00    00000040     UNINITIALIZED
                  00006b00    00000040     DSP280x_GlobalVariableDefs.obj (EQep1RegsFile)

EQep2RegsFile 
*          1    00006b40    00000040     UNINITIALIZED
                  00006b40    00000040     DSP280x_GlobalVariableDefs.obj (EQep2RegsFile)

GpioCtrlRegsFile 
*          1    00006f80    00000040     UNINITIALIZED
                  00006f80    00000040     DSP280x_GlobalVariableDefs.obj (GpioCtrlRegsFile)

GpioDataRegsFile 
*          1    00006fc0    00000020     UNINITIALIZED
                  00006fc0    00000020     DSP280x_GlobalVariableDefs.obj (GpioDataRegsFile)

GpioIntRegsFile 
*          1    00006fe0    0000000a     UNINITIALIZED
                  00006fe0    0000000a     DSP280x_GlobalVariableDefs.obj (GpioIntRegsFile)

SysCtrlRegsFile 
*          1    00007010    00000020     UNINITIALIZED
                  00007010    00000020     DSP280x_GlobalVariableDefs.obj (SysCtrlRegsFile)

SpiaRegsFile 
*          1    00007040    00000010     UNINITIALIZED
                  00007040    00000010     DSP280x_GlobalVariableDefs.obj (SpiaRegsFile)

SciaRegsFile 
*          1    00007050    00000010     UNINITIALIZED
                  00007050    00000010     DSP280x_GlobalVariableDefs.obj (SciaRegsFile)

XIntruptRegsFile 
*          1    00007070    00000010     UNINITIALIZED
                  00007070    00000010     DSP280x_GlobalVariableDefs.obj (XIntruptRegsFile)

AdcRegsFile 
*          1    00007100    0000001e     UNINITIALIZED
                  00007100    0000001e     DSP280x_GlobalVariableDefs.obj (AdcRegsFile)

SpibRegsFile 
*          1    00007740    00000010     UNINITIALIZED
                  00007740    00000010     DSP280x_GlobalVariableDefs.obj (SpibRegsFile)

ScibRegsFile 
*          1    00007750    00000010     UNINITIALIZED
                  00007750    00000010     DSP280x_GlobalVariableDefs.obj (ScibRegsFile)

SpicRegsFile 
*          1    00007760    00000010     UNINITIALIZED
                  00007760    00000010     DSP280x_GlobalVariableDefs.obj (SpicRegsFile)

SpidRegsFile 
*          1    00007780    00000010     UNINITIALIZED
                  00007780    00000010     DSP280x_GlobalVariableDefs.obj (SpidRegsFile)

I2caRegsFile 
*          1    00007900    00000022     UNINITIALIZED
                  00007900    00000022     DSP280x_GlobalVariableDefs.obj (I2caRegsFile)

CsmPwlFile 
*          1    003f7ff8    00000008     UNINITIALIZED
                  003f7ff8    00000008     DSP280x_GlobalVariableDefs.obj (CsmPwlFile)

.pinit     0    003f7000    00000000     UNINITIALIZED

.text      0    003f7000    00000631     
                  003f7000    00000163     Blinking_LED_main.obj (.text)
                  003f7163    00000145     DSP280x_DefaultIsr.obj (.text:retain)
                  003f72a8    000000f1     DSP280x_SysCtrl.obj (.text)
                  003f7399    000000a4     Blinking_LED_main.obj (.text:retain)
                  003f743d    0000005a     rts2800_ml.lib : fs_mpy28.asm.obj (.text)
                  003f7497    00000054                    : boot28.asm.obj (.text)
                  003f74eb    00000046     DSP280x_CpuTimers.obj (.text)
                  003f7531    00000029     rts2800_ml.lib : exit.c.obj (.text)
                  003f755a    00000029                    : fs_tol28.asm.obj (.text)
                  003f7583    00000028     DSP280x_PieCtrl.obj (.text)
                  003f75ab    00000024     rts2800_ml.lib : cpy_tbl.c.obj (.text)
                  003f75cf    00000020     DSP280x_PieVect.obj (.text)
                  003f75ef    0000001d     rts2800_ml.lib : memcpy.c.obj (.text)
                  003f760c    00000011                    : args_main.c.obj (.text)
                  003f761d    00000009                    : _lock.c.obj (.text)
                  003f7626    00000008     DSP280x_CodeStartBranch.obj (.text)
                  003f762e    00000002     rts2800_ml.lib : pre_init.c.obj (.text)
                  003f7630    00000001                    : startup.c.obj (.text)

codestart 
*          0    003f7ff6    00000002     
                  003f7ff6    00000002     DSP280x_CodeStartBranch.obj (codestart)

.stack     1    00000000    00000300     UNINITIALIZED
                  00000000    00000300     --HOLE--

.ebss      1    00000480    0000001c     UNINITIALIZED
                  00000480    00000009     Blinking_LED_main.obj (.ebss)
                  00000489    00000001     --HOLE--
                  0000048a    00000008     DSP280x_CpuTimers.obj (.ebss)
                  00000492    00000006     rts2800_ml.lib : exit.c.obj (.ebss)
                  00000498    00000002                    : _lock.c.obj (.ebss:__lock)
                  0000049a    00000002                    : _lock.c.obj (.ebss:__unlock)

.econst    0    003f7632    00000100     
                  003f7632    00000100     DSP280x_PieVect.obj (.econst:_PieVectTableInit)

.reset     0    003fffc0    00000002     DSECT
                  003fffc0    00000002     rts2800_ml.lib : boot28.asm.obj (.reset)

vectors    0    003fffc2    00000000     DSECT

MODULE SUMMARY

       Module                           code   initialized data   uninitialized data
       ------                           ----   ----------------   ------------------
    .\
       DSP280x_GlobalVariableDefs.obj   0      0                  2336              
       Blinking_LED_main.obj            519    36                 9                 
       DSP280x_DefaultIsr.obj           325    0                  0                 
       DSP280x_PieVect.obj              32     256                0                 
       DSP280x_SysCtrl.obj              241    0                  0                 
       DSP280x_CpuTimers.obj            70     0                  8                 
       DSP280x_PieCtrl.obj              40     0                  0                 
       DSP280x_CodeStartBranch.obj      10     0                  0                 
    +--+--------------------------------+------+------------------+--------------------+
       Total:                           1237   292                2353              
                                                                                    
    C:\ti\ccs1120\ccs\tools\compiler\ti-cgt-c2000_21.6.0.LTS\lib\rts2800_ml.lib
       fs_mpy28.asm.obj                 90     0                  0                 
       boot28.asm.obj                   84     0                  0                 
       exit.c.obj                       41     14                 6                 
       fs_tol28.asm.obj                 41     0                  0                 
       cpy_tbl.c.obj                    36     0                  0                 
       memcpy.c.obj                     29     0                  0                 
       _lock.c.obj                      9      10                 4                 
       args_main.c.obj                  17     0                  0                 
       pre_init.c.obj                   2      0                  0                 
       startup.c.obj                    1      0                  0                 
    +--+--------------------------------+------+------------------+--------------------+
       Total:                           350    24                 10                
                                                                                    
       Stack:                           0      0                  768               
    +--+--------------------------------+------+------------------+--------------------+
       Grand Total:                     1587   316                3131              


GLOBAL DATA SYMBOLS: SORTED BY DATA PAGE

address     data page           name
--------    ----------------    ----
00000000       0 (00000000)     __stack

00000480      12 (00000480)     _flag
00000481      12 (00000480)     _counter
00000482      12 (00000480)     _rechts_blinken_flag
00000483      12 (00000480)     _links_blinken_flag
00000484      12 (00000480)     _pressed
00000485      12 (00000480)     _zuendung
00000486      12 (00000480)     _warn_zustand
00000487      12 (00000480)     _zustand
00000488      12 (00000480)     _links_blink_zustand
0000048a      12 (00000480)     _CpuTimer0
00000492      12 (00000480)     ___TI_enable_exit_profile_output
00000494      12 (00000480)     ___TI_cleanup_ptr
00000496      12 (00000480)     ___TI_dtors_ptr
00000498      12 (00000480)     __lock
0000049a      12 (00000480)     __unlock

00000880      22 (00000880)     _DevEmuRegs

00000a80      2a (00000a80)     _FlashRegs

00000ae0      2b (00000ac0)     _CsmRegs

00000b00      2c (00000b00)     _AdcMirror

00000c00      30 (00000c00)     _CpuTimer0Regs
00000c08      30 (00000c00)     _CpuTimer1Regs
00000c10      30 (00000c00)     _CpuTimer2Regs

00000ce0      33 (00000cc0)     _PieCtrlRegs

00000d00      34 (00000d00)     _PieVectTable

00006000     180 (00006000)     _ECanaRegs

00006040     181 (00006040)     _ECanaLAMRegs

00006080     182 (00006080)     _ECanaMOTSRegs

000060c0     183 (000060c0)     _ECanaMOTORegs

00006100     184 (00006100)     _ECanaMboxes

00006200     188 (00006200)     _ECanbRegs

00006240     189 (00006240)     _ECanbLAMRegs

00006280     18a (00006280)     _ECanbMOTSRegs

000062c0     18b (000062c0)     _ECanbMOTORegs

00006300     18c (00006300)     _ECanbMboxes

00006800     1a0 (00006800)     _EPwm1Regs

00006840     1a1 (00006840)     _EPwm2Regs

00006880     1a2 (00006880)     _EPwm3Regs

000068c0     1a3 (000068c0)     _EPwm4Regs

00006900     1a4 (00006900)     _EPwm5Regs

00006940     1a5 (00006940)     _EPwm6Regs

00006a00     1a8 (00006a00)     _ECap1Regs
00006a20     1a8 (00006a00)     _ECap2Regs

00006a40     1a9 (00006a40)     _ECap3Regs
00006a60     1a9 (00006a40)     _ECap4Regs

00006b00     1ac (00006b00)     _EQep1Regs

00006b40     1ad (00006b40)     _EQep2Regs

00006f80     1be (00006f80)     _GpioCtrlRegs

00006fc0     1bf (00006fc0)     _GpioDataRegs
00006fe0     1bf (00006fc0)     _GpioIntRegs

00007010     1c0 (00007000)     _SysCtrlRegs

00007040     1c1 (00007040)     _SpiaRegs
00007050     1c1 (00007040)     _SciaRegs
00007070     1c1 (00007040)     _XIntruptRegs

00007100     1c4 (00007100)     _AdcRegs

00007740     1dd (00007740)     _SpibRegs
00007750     1dd (00007740)     _ScibRegs
00007760     1dd (00007740)     _SpicRegs

00007780     1de (00007780)     _SpidRegs

00007900     1e4 (00007900)     _I2caRegs

003f7632    fdd8 (003f7600)     _PieVectTableInit

003f7ff8    fdff (003f7fc0)     _CsmPwl


GLOBAL SYMBOLS: SORTED ALPHABETICALLY BY Name 

page  address   name                            
----  -------   ----                            
0     003f7000  .text                           
0     003f7531  C$$EXIT                         
0     003f743d  FS$$MPY                         
0     003f755a  FS$$TOL                         
0     003f71d6  _ADCINT_ISR                     
1     00000b00  _AdcMirror                      
1     00007100  _AdcRegs                        
0     003f7500  _ConfigCpuTimer                 
1     0000048a  _CpuTimer0                      
1     00000c00  _CpuTimer0Regs                  
1     00000c08  _CpuTimer1Regs                  
1     00000c10  _CpuTimer2Regs                  
1     003f7ff8  _CsmPwl                         
1     00000ae0  _CsmRegs                        
0     003f7368  _CsmUnlock                      
0     003f716d  _DATALOG_ISR                    
1     00000880  _DevEmuRegs                     
0     003f72bb  _DisableDog                     
0     003f7285  _ECAN0INTA_ISR                  
0     003f728f  _ECAN0INTB_ISR                  
0     003f728a  _ECAN1INTA_ISR                  
0     003f7294  _ECAN1INTB_ISR                  
0     003f7221  _ECAP1_INT_ISR                  
0     003f7226  _ECAP2_INT_ISR                  
0     003f722b  _ECAP3_INT_ISR                  
0     003f7230  _ECAP4_INT_ISR                  
1     00006040  _ECanaLAMRegs                   
1     000060c0  _ECanaMOTORegs                  
1     00006080  _ECanaMOTSRegs                  
1     00006100  _ECanaMboxes                    
1     00006000  _ECanaRegs                      
1     00006240  _ECanbLAMRegs                   
1     000062c0  _ECanbMOTORegs                  
1     00006280  _ECanbMOTSRegs                  
1     00006300  _ECanbMboxes                    
1     00006200  _ECanbRegs                      
1     00006a00  _ECap1Regs                      
1     00006a20  _ECap2Regs                      
1     00006a40  _ECap3Regs                      
1     00006a60  _ECap4Regs                      
0     003f7299  _EMPTY_ISR                      
0     003f7177  _EMUINT_ISR                     
0     003f7203  _EPWM1_INT_ISR                  
0     003f71e5  _EPWM1_TZINT_ISR                
0     003f7208  _EPWM2_INT_ISR                  
0     003f71ea  _EPWM2_TZINT_ISR                
0     003f720d  _EPWM3_INT_ISR                  
0     003f71ef  _EPWM3_TZINT_ISR                
0     003f7212  _EPWM4_INT_ISR                  
0     003f71f4  _EPWM4_TZINT_ISR                
0     003f7217  _EPWM5_INT_ISR                  
0     003f71f9  _EPWM5_TZINT_ISR                
0     003f721c  _EPWM6_INT_ISR                  
0     003f71fe  _EPWM6_TZINT_ISR                
1     00006800  _EPwm1Regs                      
1     00006840  _EPwm2Regs                      
1     00006880  _EPwm3Regs                      
1     000068c0  _EPwm4Regs                      
1     00006900  _EPwm5Regs                      
1     00006940  _EPwm6Regs                      
0     003f7235  _EQEP1_INT_ISR                  
0     003f723a  _EQEP2_INT_ISR                  
1     00006b00  _EQep1Regs                      
1     00006b40  _EQep2Regs                      
0     003f75a2  _EnableInterrupts               
1     00000a80  _FlashRegs                      
1     00006f80  _GpioCtrlRegs                   
1     00006fc0  _GpioDataRegs                   
1     00006fe0  _GpioIntRegs                    
0     003f7047  _Gpio_select                    
0     003f7267  _I2CINT1A_ISR                   
0     003f726c  _I2CINT2A_ISR                   
1     00007900  _I2caRegs                       
0     003f7181  _ILLEGAL_ISR                    
0     003f7163  _INT13_ISR                      
0     003f7168  _INT14_ISR                      
0     003f74eb  _InitCpuTimers                  
0     003f72f0  _InitPeripheralClocks           
0     003f7583  _InitPieCtrl                    
0     003f75cf  _InitPieVectTable               
0     003f72c3  _InitPll                        
0     003f72a8  _InitSysCtrl                    
0     003f717c  _NMI_ISR                        
0     003f729e  _PIE_RESERVED                   
1     00000ce0  _PieCtrlRegs                    
1     00000d00  _PieVectTable                   
0     003f7632  _PieVectTableInit               
0     003f7172  _RTOSINT_ISR                    
0     00008000  _RamfuncsLoadEnd                
0     00008000  _RamfuncsLoadStart              
0     00008000  _RamfuncsRunStart               
0     003f7271  _SCIRXINTA_ISR                  
0     003f727b  _SCIRXINTB_ISR                  
0     003f7276  _SCITXINTA_ISR                  
0     003f7280  _SCITXINTB_ISR                  
0     003f71c2  _SEQ1INT_ISR                    
0     003f71c7  _SEQ2INT_ISR                    
0     003f723f  _SPIRXINTA_ISR                  
0     003f7249  _SPIRXINTB_ISR                  
0     003f7253  _SPIRXINTC_ISR                  
0     003f725d  _SPIRXINTD_ISR                  
0     003f7244  _SPITXINTA_ISR                  
0     003f724e  _SPITXINTB_ISR                  
0     003f7258  _SPITXINTC_ISR                  
0     003f7262  _SPITXINTD_ISR                  
1     00007050  _SciaRegs                       
1     00007750  _ScibRegs                       
0     003f72b1  _ServiceDog                     
1     00007040  _SpiaRegs                       
1     00007740  _SpibRegs                       
1     00007760  _SpicRegs                       
1     00007780  _SpidRegs                       
1     00007010  _SysCtrlRegs                    
0     003f71db  _TINT0_ISR                      
0     003f71b3  _USER10_ISR                     
0     003f71b8  _USER11_ISR                     
0     003f71bd  _USER12_ISR                     
0     003f7186  _USER1_ISR                      
0     003f718b  _USER2_ISR                      
0     003f7190  _USER3_ISR                      
0     003f7195  _USER4_ISR                      
0     003f719a  _USER5_ISR                      
0     003f719f  _USER6_ISR                      
0     003f71a4  _USER7_ISR                      
0     003f71a9  _USER8_ISR                      
0     003f71ae  _USER9_ISR                      
0     003f71e0  _WAKEINT_ISR                    
0     003f71cc  _XINT1_ISR                      
0     003f71d1  _XINT2_ISR                      
1     00007070  _XIntruptRegs                   
1     00000300  __STACK_END                     
abs   00000300  __STACK_SIZE                    
1     00000494  ___TI_cleanup_ptr               
1     00000496  ___TI_dtors_ptr                 
1     00000492  ___TI_enable_exit_profile_output
abs   ffffffff  ___TI_pprof_out_hndl            
abs   ffffffff  ___TI_prof_data_size            
abs   ffffffff  ___TI_prof_data_start           
abs   ffffffff  ___binit__                      
abs   ffffffff  ___c_args__                     
0     003f7732  ___cinit__                      
0     003f7631  ___etext__                      
abs   ffffffff  ___pinit__                      
0     003f7000  ___text__                       
0     003f760c  __args_main                     
1     00000498  __lock                          
0     003f7625  __nop                           
0     003f7621  __register_lock                 
0     003f761d  __register_unlock               
1     00000000  __stack                         
0     003f7630  __system_post_cinit             
0     003f762e  __system_pre_init               
1     0000049a  __unlock                        
0     003f7531  _abort                          
0     003f7497  _c_int00                        
0     003f75ab  _copy_in                        
1     00000481  _counter                        
0     003f7399  _cpu_timer0_isr                 
0     003f7533  _exit                           
1     00000480  _flag                           
1     00000488  _links_blink_zustand            
1     00000483  _links_blinken_flag             
0     003f7125  _linksblinken                   
0     003f7000  _main                           
0     003f75ef  _memcpy                         
0     003f742c  _pin_26_isr                     
1     00000484  _pressed                        
1     00000482  _rechts_blinken_flag            
0     003f70e7  _rechtsblinken                  
0     003f72a3  _rsvd_ISR                       
1     00000486  _warn_zustand                   
0     003f70a9  _warntaster                     
1     00000485  _zuendung                       
0     003f706b  _zuendungstaster                
1     00000487  _zustand                        
abs   ffffffff  binit                           
0     003f7732  cinit                           
0     003f7ff6  code_start                      
0     003f7631  etext                           
abs   ffffffff  pinit                           


GLOBAL SYMBOLS: SORTED BY Symbol Address 

page  address   name                            
----  -------   ----                            
0     00008000  _RamfuncsLoadEnd                
0     00008000  _RamfuncsLoadStart              
0     00008000  _RamfuncsRunStart               
0     003f7000  .text                           
0     003f7000  ___text__                       
0     003f7000  _main                           
0     003f7047  _Gpio_select                    
0     003f706b  _zuendungstaster                
0     003f70a9  _warntaster                     
0     003f70e7  _rechtsblinken                  
0     003f7125  _linksblinken                   
0     003f7163  _INT13_ISR                      
0     003f7168  _INT14_ISR                      
0     003f716d  _DATALOG_ISR                    
0     003f7172  _RTOSINT_ISR                    
0     003f7177  _EMUINT_ISR                     
0     003f717c  _NMI_ISR                        
0     003f7181  _ILLEGAL_ISR                    
0     003f7186  _USER1_ISR                      
0     003f718b  _USER2_ISR                      
0     003f7190  _USER3_ISR                      
0     003f7195  _USER4_ISR                      
0     003f719a  _USER5_ISR                      
0     003f719f  _USER6_ISR                      
0     003f71a4  _USER7_ISR                      
0     003f71a9  _USER8_ISR                      
0     003f71ae  _USER9_ISR                      
0     003f71b3  _USER10_ISR                     
0     003f71b8  _USER11_ISR                     
0     003f71bd  _USER12_ISR                     
0     003f71c2  _SEQ1INT_ISR                    
0     003f71c7  _SEQ2INT_ISR                    
0     003f71cc  _XINT1_ISR                      
0     003f71d1  _XINT2_ISR                      
0     003f71d6  _ADCINT_ISR                     
0     003f71db  _TINT0_ISR                      
0     003f71e0  _WAKEINT_ISR                    
0     003f71e5  _EPWM1_TZINT_ISR                
0     003f71ea  _EPWM2_TZINT_ISR                
0     003f71ef  _EPWM3_TZINT_ISR                
0     003f71f4  _EPWM4_TZINT_ISR                
0     003f71f9  _EPWM5_TZINT_ISR                
0     003f71fe  _EPWM6_TZINT_ISR                
0     003f7203  _EPWM1_INT_ISR                  
0     003f7208  _EPWM2_INT_ISR                  
0     003f720d  _EPWM3_INT_ISR                  
0     003f7212  _EPWM4_INT_ISR                  
0     003f7217  _EPWM5_INT_ISR                  
0     003f721c  _EPWM6_INT_ISR                  
0     003f7221  _ECAP1_INT_ISR                  
0     003f7226  _ECAP2_INT_ISR                  
0     003f722b  _ECAP3_INT_ISR                  
0     003f7230  _ECAP4_INT_ISR                  
0     003f7235  _EQEP1_INT_ISR                  
0     003f723a  _EQEP2_INT_ISR                  
0     003f723f  _SPIRXINTA_ISR                  
0     003f7244  _SPITXINTA_ISR                  
0     003f7249  _SPIRXINTB_ISR                  
0     003f724e  _SPITXINTB_ISR                  
0     003f7253  _SPIRXINTC_ISR                  
0     003f7258  _SPITXINTC_ISR                  
0     003f725d  _SPIRXINTD_ISR                  
0     003f7262  _SPITXINTD_ISR                  
0     003f7267  _I2CINT1A_ISR                   
0     003f726c  _I2CINT2A_ISR                   
0     003f7271  _SCIRXINTA_ISR                  
0     003f7276  _SCITXINTA_ISR                  
0     003f727b  _SCIRXINTB_ISR                  
0     003f7280  _SCITXINTB_ISR                  
0     003f7285  _ECAN0INTA_ISR                  
0     003f728a  _ECAN1INTA_ISR                  
0     003f728f  _ECAN0INTB_ISR                  
0     003f7294  _ECAN1INTB_ISR                  
0     003f7299  _EMPTY_ISR                      
0     003f729e  _PIE_RESERVED                   
0     003f72a3  _rsvd_ISR                       
0     003f72a8  _InitSysCtrl                    
0     003f72b1  _ServiceDog                     
0     003f72bb  _DisableDog                     
0     003f72c3  _InitPll                        
0     003f72f0  _InitPeripheralClocks           
0     003f7368  _CsmUnlock                      
0     003f7399  _cpu_timer0_isr                 
0     003f742c  _pin_26_isr                     
0     003f743d  FS$$MPY                         
0     003f7497  _c_int00                        
0     003f74eb  _InitCpuTimers                  
0     003f7500  _ConfigCpuTimer                 
0     003f7531  C$$EXIT                         
0     003f7531  _abort                          
0     003f7533  _exit                           
0     003f755a  FS$$TOL                         
0     003f7583  _InitPieCtrl                    
0     003f75a2  _EnableInterrupts               
0     003f75ab  _copy_in                        
0     003f75cf  _InitPieVectTable               
0     003f75ef  _memcpy                         
0     003f760c  __args_main                     
0     003f761d  __register_unlock               
0     003f7621  __register_lock                 
0     003f7625  __nop                           
0     003f762e  __system_pre_init               
0     003f7630  __system_post_cinit             
0     003f7631  ___etext__                      
0     003f7631  etext                           
0     003f7632  _PieVectTableInit               
0     003f7732  ___cinit__                      
0     003f7732  cinit                           
0     003f7ff6  code_start                      
1     00000000  __stack                         
1     00000300  __STACK_END                     
1     00000480  _flag                           
1     00000481  _counter                        
1     00000482  _rechts_blinken_flag            
1     00000483  _links_blinken_flag             
1     00000484  _pressed                        
1     00000485  _zuendung                       
1     00000486  _warn_zustand                   
1     00000487  _zustand                        
1     00000488  _links_blink_zustand            
1     0000048a  _CpuTimer0                      
1     00000492  ___TI_enable_exit_profile_output
1     00000494  ___TI_cleanup_ptr               
1     00000496  ___TI_dtors_ptr                 
1     00000498  __lock                          
1     0000049a  __unlock                        
1     00000880  _DevEmuRegs                     
1     00000a80  _FlashRegs                      
1     00000ae0  _CsmRegs                        
1     00000b00  _AdcMirror                      
1     00000c00  _CpuTimer0Regs                  
1     00000c08  _CpuTimer1Regs                  
1     00000c10  _CpuTimer2Regs                  
1     00000ce0  _PieCtrlRegs                    
1     00000d00  _PieVectTable                   
1     00006000  _ECanaRegs                      
1     00006040  _ECanaLAMRegs                   
1     00006080  _ECanaMOTSRegs                  
1     000060c0  _ECanaMOTORegs                  
1     00006100  _ECanaMboxes                    
1     00006200  _ECanbRegs                      
1     00006240  _ECanbLAMRegs                   
1     00006280  _ECanbMOTSRegs                  
1     000062c0  _ECanbMOTORegs                  
1     00006300  _ECanbMboxes                    
1     00006800  _EPwm1Regs                      
1     00006840  _EPwm2Regs                      
1     00006880  _EPwm3Regs                      
1     000068c0  _EPwm4Regs                      
1     00006900  _EPwm5Regs                      
1     00006940  _EPwm6Regs                      
1     00006a00  _ECap1Regs                      
1     00006a20  _ECap2Regs                      
1     00006a40  _ECap3Regs                      
1     00006a60  _ECap4Regs                      
1     00006b00  _EQep1Regs                      
1     00006b40  _EQep2Regs                      
1     00006f80  _GpioCtrlRegs                   
1     00006fc0  _GpioDataRegs                   
1     00006fe0  _GpioIntRegs                    
1     00007010  _SysCtrlRegs                    
1     00007040  _SpiaRegs                       
1     00007050  _SciaRegs                       
1     00007070  _XIntruptRegs                   
1     00007100  _AdcRegs                        
1     00007740  _SpibRegs                       
1     00007750  _ScibRegs                       
1     00007760  _SpicRegs                       
1     00007780  _SpidRegs                       
1     00007900  _I2caRegs                       
1     003f7ff8  _CsmPwl                         
abs   00000300  __STACK_SIZE                    
abs   ffffffff  ___TI_pprof_out_hndl            
abs   ffffffff  ___TI_prof_data_size            
abs   ffffffff  ___TI_prof_data_start           
abs   ffffffff  ___binit__                      
abs   ffffffff  ___c_args__                     
abs   ffffffff  ___pinit__                      
abs   ffffffff  binit                           
abs   ffffffff  pinit                           

[180 symbols]
