<?xml version="1.0" encoding="ISO-8859-1" ?>
<link_info>
   <banner>TMS320C2000 Linker PC v21.6.0.LTS</banner>
   <copyright>Copyright (c) 1996-2018 Texas Instruments Incorporated</copyright>
   <link_time>0x62f02695</link_time>
   <link_errors>0x0</link_errors>
   <output_file>../../Target/bin/Blinkersteuerung.out</output_file>
   <entry_point>
      <name>_c_int00</name>
      <address>0x3f7411</address>
   </entry_point>
   <input_file_list>
      <input_file id="fl-2">
         <path>..\..\Target\obj\</path>
         <kind>object</kind>
         <file>Blinking_LED_main.obj</file>
         <name>Blinking_LED_main.obj</name>
      </input_file>
      <input_file id="fl-3">
         <path>..\..\Target\obj\</path>
         <kind>object</kind>
         <file>DSP280x_CodeStartBranch.obj</file>
         <name>DSP280x_CodeStartBranch.obj</name>
      </input_file>
      <input_file id="fl-4">
         <path>..\..\Target\obj\</path>
         <kind>object</kind>
         <file>DSP280x_CpuTimers.obj</file>
         <name>DSP280x_CpuTimers.obj</name>
      </input_file>
      <input_file id="fl-5">
         <path>..\..\Target\obj\</path>
         <kind>object</kind>
         <file>DSP280x_DefaultIsr.obj</file>
         <name>DSP280x_DefaultIsr.obj</name>
      </input_file>
      <input_file id="fl-6">
         <path>..\..\Target\obj\</path>
         <kind>object</kind>
         <file>DSP280x_GlobalVariableDefs.obj</file>
         <name>DSP280x_GlobalVariableDefs.obj</name>
      </input_file>
      <input_file id="fl-7">
         <path>..\..\Target\obj\</path>
         <kind>object</kind>
         <file>DSP280x_PieCtrl.obj</file>
         <name>DSP280x_PieCtrl.obj</name>
      </input_file>
      <input_file id="fl-8">
         <path>..\..\Target\obj\</path>
         <kind>object</kind>
         <file>DSP280x_PieVect.obj</file>
         <name>DSP280x_PieVect.obj</name>
      </input_file>
      <input_file id="fl-9">
         <path>..\..\Target\obj\</path>
         <kind>object</kind>
         <file>DSP280x_SysCtrl.obj</file>
         <name>DSP280x_SysCtrl.obj</name>
      </input_file>
      <input_file id="fl-a">
         <path>..\..\Target\obj\</path>
         <kind>object</kind>
         <file>Init.obj</file>
         <name>Init.obj</name>
      </input_file>
      <input_file id="fl-b">
         <path>..\..\Target\obj\</path>
         <kind>object</kind>
         <file>Taster.obj</file>
         <name>Taster.obj</name>
      </input_file>
      <input_file id="fl-c">
         <path>..\..\Target\obj\</path>
         <kind>object</kind>
         <file>Timer.obj</file>
         <name>Timer.obj</name>
      </input_file>
      <input_file id="fl-11">
         <kind>object</kind>
         <file>&lt;internal&gt;</file>
         <name>&lt;internal&gt;</name>
      </input_file>
      <input_file id="fl-1d">
         <path>..\ti-cgt-c2000_21.6.0.LTS\lib\</path>
         <kind>archive</kind>
         <file>rts2800_ml.lib</file>
         <name>boot28.asm.obj</name>
      </input_file>
      <input_file id="fl-1e">
         <path>..\ti-cgt-c2000_21.6.0.LTS\lib\</path>
         <kind>archive</kind>
         <file>rts2800_ml.lib</file>
         <name>fs_mpy28.asm.obj</name>
      </input_file>
      <input_file id="fl-1f">
         <path>..\ti-cgt-c2000_21.6.0.LTS\lib\</path>
         <kind>archive</kind>
         <file>rts2800_ml.lib</file>
         <name>fs_tol28.asm.obj</name>
      </input_file>
      <input_file id="fl-20">
         <path>..\ti-cgt-c2000_21.6.0.LTS\lib\</path>
         <kind>archive</kind>
         <file>rts2800_ml.lib</file>
         <name>cpy_tbl.c.obj</name>
      </input_file>
      <input_file id="fl-21">
         <path>..\ti-cgt-c2000_21.6.0.LTS\lib\</path>
         <kind>archive</kind>
         <file>rts2800_ml.lib</file>
         <name>memcpy.c.obj</name>
      </input_file>
      <input_file id="fl-22">
         <path>..\ti-cgt-c2000_21.6.0.LTS\lib\</path>
         <kind>archive</kind>
         <file>rts2800_ml.lib</file>
         <name>pre_init.c.obj</name>
      </input_file>
      <input_file id="fl-23">
         <path>..\ti-cgt-c2000_21.6.0.LTS\lib\</path>
         <kind>archive</kind>
         <file>rts2800_ml.lib</file>
         <name>startup.c.obj</name>
      </input_file>
      <input_file id="fl-24">
         <path>..\ti-cgt-c2000_21.6.0.LTS\lib\</path>
         <kind>archive</kind>
         <file>rts2800_ml.lib</file>
         <name>exit.c.obj</name>
      </input_file>
      <input_file id="fl-25">
         <path>..\ti-cgt-c2000_21.6.0.LTS\lib\</path>
         <kind>archive</kind>
         <file>rts2800_ml.lib</file>
         <name>_lock.c.obj</name>
      </input_file>
      <input_file id="fl-26">
         <path>..\ti-cgt-c2000_21.6.0.LTS\lib\</path>
         <kind>archive</kind>
         <file>rts2800_ml.lib</file>
         <name>args_main.c.obj</name>
      </input_file>
   </input_file_list>
   <object_component_list>
      <object_component id="oc-85">
         <name>PieVectTableFile</name>
         <uninitialized>true</uninitialized>
         <run_address>0xd00</run_address>
         <size>0x100</size>
         <input_file_ref idref="fl-6"/>
      </object_component>
      <object_component id="oc-82">
         <name>DevEmuRegsFile</name>
         <uninitialized>true</uninitialized>
         <run_address>0x880</run_address>
         <size>0xd0</size>
         <input_file_ref idref="fl-6"/>
      </object_component>
      <object_component id="oc-5d">
         <name>FlashRegsFile</name>
         <uninitialized>true</uninitialized>
         <run_address>0xa80</run_address>
         <size>0x8</size>
         <input_file_ref idref="fl-6"/>
      </object_component>
      <object_component id="oc-60">
         <name>CsmRegsFile</name>
         <uninitialized>true</uninitialized>
         <run_address>0xae0</run_address>
         <size>0x10</size>
         <input_file_ref idref="fl-6"/>
      </object_component>
      <object_component id="oc-5f">
         <name>AdcMirrorFile</name>
         <uninitialized>true</uninitialized>
         <run_address>0xb00</run_address>
         <size>0x10</size>
         <input_file_ref idref="fl-6"/>
      </object_component>
      <object_component id="oc-59">
         <name>CpuTimer0RegsFile</name>
         <uninitialized>true</uninitialized>
         <run_address>0xc00</run_address>
         <size>0x8</size>
         <input_file_ref idref="fl-6"/>
      </object_component>
      <object_component id="oc-5a">
         <name>CpuTimer1RegsFile</name>
         <uninitialized>true</uninitialized>
         <run_address>0xc08</run_address>
         <size>0x8</size>
         <input_file_ref idref="fl-6"/>
      </object_component>
      <object_component id="oc-5b">
         <name>CpuTimer2RegsFile</name>
         <uninitialized>true</uninitialized>
         <run_address>0xc10</run_address>
         <size>0x8</size>
         <input_file_ref idref="fl-6"/>
      </object_component>
      <object_component id="oc-68">
         <name>PieCtrlRegsFile</name>
         <uninitialized>true</uninitialized>
         <run_address>0xce0</run_address>
         <size>0x1a</size>
         <input_file_ref idref="fl-6"/>
      </object_component>
      <object_component id="oc-77">
         <name>ECanaRegsFile</name>
         <uninitialized>true</uninitialized>
         <run_address>0x6000</run_address>
         <size>0x34</size>
         <input_file_ref idref="fl-6"/>
      </object_component>
      <object_component id="oc-79">
         <name>ECanaLAMRegsFile</name>
         <uninitialized>true</uninitialized>
         <run_address>0x6040</run_address>
         <size>0x40</size>
         <input_file_ref idref="fl-6"/>
      </object_component>
      <object_component id="oc-83">
         <name>ECanaMboxesFile</name>
         <uninitialized>true</uninitialized>
         <run_address>0x6100</run_address>
         <size>0x100</size>
         <input_file_ref idref="fl-6"/>
      </object_component>
      <object_component id="oc-7a">
         <name>ECanaMOTSRegsFile</name>
         <uninitialized>true</uninitialized>
         <run_address>0x6080</run_address>
         <size>0x40</size>
         <input_file_ref idref="fl-6"/>
      </object_component>
      <object_component id="oc-7b">
         <name>ECanaMOTORegsFile</name>
         <uninitialized>true</uninitialized>
         <run_address>0x60c0</run_address>
         <size>0x40</size>
         <input_file_ref idref="fl-6"/>
      </object_component>
      <object_component id="oc-78">
         <name>ECanbRegsFile</name>
         <uninitialized>true</uninitialized>
         <run_address>0x6200</run_address>
         <size>0x34</size>
         <input_file_ref idref="fl-6"/>
      </object_component>
      <object_component id="oc-7c">
         <name>ECanbLAMRegsFile</name>
         <uninitialized>true</uninitialized>
         <run_address>0x6240</run_address>
         <size>0x40</size>
         <input_file_ref idref="fl-6"/>
      </object_component>
      <object_component id="oc-84">
         <name>ECanbMboxesFile</name>
         <uninitialized>true</uninitialized>
         <run_address>0x6300</run_address>
         <size>0x100</size>
         <input_file_ref idref="fl-6"/>
      </object_component>
      <object_component id="oc-7d">
         <name>ECanbMOTSRegsFile</name>
         <uninitialized>true</uninitialized>
         <run_address>0x6280</run_address>
         <size>0x40</size>
         <input_file_ref idref="fl-6"/>
      </object_component>
      <object_component id="oc-7e">
         <name>ECanbMOTORegsFile</name>
         <uninitialized>true</uninitialized>
         <run_address>0x62c0</run_address>
         <size>0x40</size>
         <input_file_ref idref="fl-6"/>
      </object_component>
      <object_component id="oc-70">
         <name>EPwm1RegsFile</name>
         <uninitialized>true</uninitialized>
         <run_address>0x6800</run_address>
         <size>0x22</size>
         <input_file_ref idref="fl-6"/>
      </object_component>
      <object_component id="oc-71">
         <name>EPwm2RegsFile</name>
         <uninitialized>true</uninitialized>
         <run_address>0x6840</run_address>
         <size>0x22</size>
         <input_file_ref idref="fl-6"/>
      </object_component>
      <object_component id="oc-72">
         <name>EPwm3RegsFile</name>
         <uninitialized>true</uninitialized>
         <run_address>0x6880</run_address>
         <size>0x22</size>
         <input_file_ref idref="fl-6"/>
      </object_component>
      <object_component id="oc-73">
         <name>EPwm4RegsFile</name>
         <uninitialized>true</uninitialized>
         <run_address>0x68c0</run_address>
         <size>0x22</size>
         <input_file_ref idref="fl-6"/>
      </object_component>
      <object_component id="oc-74">
         <name>EPwm5RegsFile</name>
         <uninitialized>true</uninitialized>
         <run_address>0x6900</run_address>
         <size>0x22</size>
         <input_file_ref idref="fl-6"/>
      </object_component>
      <object_component id="oc-75">
         <name>EPwm6RegsFile</name>
         <uninitialized>true</uninitialized>
         <run_address>0x6940</run_address>
         <size>0x22</size>
         <input_file_ref idref="fl-6"/>
      </object_component>
      <object_component id="oc-6a">
         <name>ECap1RegsFile</name>
         <uninitialized>true</uninitialized>
         <run_address>0x6a00</run_address>
         <size>0x20</size>
         <input_file_ref idref="fl-6"/>
      </object_component>
      <object_component id="oc-6b">
         <name>ECap2RegsFile</name>
         <uninitialized>true</uninitialized>
         <run_address>0x6a20</run_address>
         <size>0x20</size>
         <input_file_ref idref="fl-6"/>
      </object_component>
      <object_component id="oc-6c">
         <name>ECap3RegsFile</name>
         <uninitialized>true</uninitialized>
         <run_address>0x6a40</run_address>
         <size>0x20</size>
         <input_file_ref idref="fl-6"/>
      </object_component>
      <object_component id="oc-6d">
         <name>ECap4RegsFile</name>
         <uninitialized>true</uninitialized>
         <run_address>0x6a60</run_address>
         <size>0x20</size>
         <input_file_ref idref="fl-6"/>
      </object_component>
      <object_component id="oc-7f">
         <name>EQep1RegsFile</name>
         <uninitialized>true</uninitialized>
         <run_address>0x6b00</run_address>
         <size>0x40</size>
         <input_file_ref idref="fl-6"/>
      </object_component>
      <object_component id="oc-80">
         <name>EQep2RegsFile</name>
         <uninitialized>true</uninitialized>
         <run_address>0x6b40</run_address>
         <size>0x40</size>
         <input_file_ref idref="fl-6"/>
      </object_component>
      <object_component id="oc-81">
         <name>GpioCtrlRegsFile</name>
         <uninitialized>true</uninitialized>
         <run_address>0x6f80</run_address>
         <size>0x40</size>
         <input_file_ref idref="fl-6"/>
      </object_component>
      <object_component id="oc-6e">
         <name>GpioDataRegsFile</name>
         <uninitialized>true</uninitialized>
         <run_address>0x6fc0</run_address>
         <size>0x20</size>
         <input_file_ref idref="fl-6"/>
      </object_component>
      <object_component id="oc-5e">
         <name>GpioIntRegsFile</name>
         <uninitialized>true</uninitialized>
         <run_address>0x6fe0</run_address>
         <size>0xa</size>
         <input_file_ref idref="fl-6"/>
      </object_component>
      <object_component id="oc-6f">
         <name>SysCtrlRegsFile</name>
         <uninitialized>true</uninitialized>
         <run_address>0x7010</run_address>
         <size>0x20</size>
         <input_file_ref idref="fl-6"/>
      </object_component>
      <object_component id="oc-63">
         <name>SpiaRegsFile</name>
         <uninitialized>true</uninitialized>
         <run_address>0x7040</run_address>
         <size>0x10</size>
         <input_file_ref idref="fl-6"/>
      </object_component>
      <object_component id="oc-61">
         <name>SciaRegsFile</name>
         <uninitialized>true</uninitialized>
         <run_address>0x7050</run_address>
         <size>0x10</size>
         <input_file_ref idref="fl-6"/>
      </object_component>
      <object_component id="oc-67">
         <name>XIntruptRegsFile</name>
         <uninitialized>true</uninitialized>
         <run_address>0x7070</run_address>
         <size>0x10</size>
         <input_file_ref idref="fl-6"/>
      </object_component>
      <object_component id="oc-69">
         <name>AdcRegsFile</name>
         <uninitialized>true</uninitialized>
         <run_address>0x7100</run_address>
         <size>0x1e</size>
         <input_file_ref idref="fl-6"/>
      </object_component>
      <object_component id="oc-64">
         <name>SpibRegsFile</name>
         <uninitialized>true</uninitialized>
         <run_address>0x7740</run_address>
         <size>0x10</size>
         <input_file_ref idref="fl-6"/>
      </object_component>
      <object_component id="oc-62">
         <name>ScibRegsFile</name>
         <uninitialized>true</uninitialized>
         <run_address>0x7750</run_address>
         <size>0x10</size>
         <input_file_ref idref="fl-6"/>
      </object_component>
      <object_component id="oc-65">
         <name>SpicRegsFile</name>
         <uninitialized>true</uninitialized>
         <run_address>0x7760</run_address>
         <size>0x10</size>
         <input_file_ref idref="fl-6"/>
      </object_component>
      <object_component id="oc-66">
         <name>SpidRegsFile</name>
         <uninitialized>true</uninitialized>
         <run_address>0x7780</run_address>
         <size>0x10</size>
         <input_file_ref idref="fl-6"/>
      </object_component>
      <object_component id="oc-76">
         <name>I2caRegsFile</name>
         <uninitialized>true</uninitialized>
         <run_address>0x7900</run_address>
         <size>0x22</size>
         <input_file_ref idref="fl-6"/>
      </object_component>
      <object_component id="oc-5c">
         <name>CsmPwlFile</name>
         <uninitialized>true</uninitialized>
         <run_address>0x3f7ff8</run_address>
         <size>0x8</size>
         <input_file_ref idref="fl-6"/>
      </object_component>
      <object_component id="oc-9c">
         <name>.cinit</name>
         <load_address>0x3f7738</load_address>
         <run_address>0x3f7738</run_address>
         <size>0x1c</size>
         <input_file_ref idref="fl-b"/>
      </object_component>
      <object_component id="oc-cf">
         <name>.cinit</name>
         <load_address>0x3f7754</load_address>
         <run_address>0x3f7754</run_address>
         <size>0xe</size>
         <input_file_ref idref="fl-24"/>
      </object_component>
      <object_component id="oc-e9">
         <name>.cinit:__lock</name>
         <load_address>0x3f7762</load_address>
         <run_address>0x3f7762</run_address>
         <size>0x5</size>
         <input_file_ref idref="fl-25"/>
      </object_component>
      <object_component id="oc-ec">
         <name>.cinit:__unlock</name>
         <load_address>0x3f7767</load_address>
         <run_address>0x3f7767</run_address>
         <size>0x5</size>
         <input_file_ref idref="fl-25"/>
      </object_component>
      <object_component id="oc-a3">
         <name>.cinit</name>
         <load_address>0x3f776c</load_address>
         <run_address>0x3f776c</run_address>
         <size>0x4</size>
         <input_file_ref idref="fl-c"/>
      </object_component>
      <object_component id="oc-53">
         <name>.text:retain</name>
         <load_address>0x3f7000</load_address>
         <run_address>0x3f7000</run_address>
         <size>0x145</size>
         <input_file_ref idref="fl-5"/>
      </object_component>
      <object_component id="oc-e4">
         <name>.text</name>
         <load_address>0x3f7145</load_address>
         <run_address>0x3f7145</run_address>
         <size>0x119</size>
         <input_file_ref idref="fl-b"/>
      </object_component>
      <object_component id="oc-ed">
         <name>.text</name>
         <load_address>0x3f725e</load_address>
         <run_address>0x3f725e</run_address>
         <size>0xf1</size>
         <input_file_ref idref="fl-9"/>
      </object_component>
      <object_component id="oc-a5">
         <name>.text:retain</name>
         <load_address>0x3f734f</load_address>
         <run_address>0x3f734f</run_address>
         <size>0x68</size>
         <input_file_ref idref="fl-c"/>
      </object_component>
      <object_component id="oc-b0">
         <name>.text</name>
         <load_address>0x3f73b7</load_address>
         <run_address>0x3f73b7</run_address>
         <size>0x5a</size>
         <input_file_ref idref="fl-1e"/>
      </object_component>
      <object_component id="oc-40">
         <name>.text</name>
         <load_address>0x3f7411</load_address>
         <run_address>0x3f7411</run_address>
         <size>0x54</size>
         <input_file_ref idref="fl-1d"/>
      </object_component>
      <object_component id="oc-f0">
         <name>.text</name>
         <load_address>0x3f7465</load_address>
         <run_address>0x3f7465</run_address>
         <size>0x46</size>
         <input_file_ref idref="fl-4"/>
      </object_component>
      <object_component id="oc-e7">
         <name>.text</name>
         <load_address>0x3f74ab</load_address>
         <run_address>0x3f74ab</run_address>
         <size>0x3b</size>
         <input_file_ref idref="fl-2"/>
      </object_component>
      <object_component id="oc-ea">
         <name>.text</name>
         <load_address>0x3f74e6</load_address>
         <run_address>0x3f74e6</run_address>
         <size>0x32</size>
         <input_file_ref idref="fl-a"/>
      </object_component>
      <object_component id="oc-e3">
         <name>.text</name>
         <load_address>0x3f7518</load_address>
         <run_address>0x3f7518</run_address>
         <size>0x29</size>
         <input_file_ref idref="fl-24"/>
      </object_component>
      <object_component id="oc-b5">
         <name>.text</name>
         <load_address>0x3f7541</load_address>
         <run_address>0x3f7541</run_address>
         <size>0x29</size>
         <input_file_ref idref="fl-1f"/>
      </object_component>
      <object_component id="oc-ee">
         <name>.text</name>
         <load_address>0x3f756a</load_address>
         <run_address>0x3f756a</run_address>
         <size>0x28</size>
         <input_file_ref idref="fl-7"/>
      </object_component>
      <object_component id="oc-e0">
         <name>.text</name>
         <load_address>0x3f7592</load_address>
         <run_address>0x3f7592</run_address>
         <size>0x24</size>
         <input_file_ref idref="fl-20"/>
      </object_component>
      <object_component id="oc-ef">
         <name>.text</name>
         <load_address>0x3f75b6</load_address>
         <run_address>0x3f75b6</run_address>
         <size>0x20</size>
         <input_file_ref idref="fl-8"/>
      </object_component>
      <object_component id="oc-e5">
         <name>.text</name>
         <load_address>0x3f75d6</load_address>
         <run_address>0x3f75d6</run_address>
         <size>0x1f</size>
         <input_file_ref idref="fl-c"/>
      </object_component>
      <object_component id="oc-e6">
         <name>.text</name>
         <load_address>0x3f75f5</load_address>
         <run_address>0x3f75f5</run_address>
         <size>0x1d</size>
         <input_file_ref idref="fl-21"/>
      </object_component>
      <object_component id="oc-e2">
         <name>.text</name>
         <load_address>0x3f7612</load_address>
         <run_address>0x3f7612</run_address>
         <size>0x11</size>
         <input_file_ref idref="fl-26"/>
      </object_component>
      <object_component id="oc-eb">
         <name>.text</name>
         <load_address>0x3f7623</load_address>
         <run_address>0x3f7623</run_address>
         <size>0x9</size>
         <input_file_ref idref="fl-25"/>
      </object_component>
      <object_component id="oc-46">
         <name>.text</name>
         <load_address>0x3f762c</load_address>
         <run_address>0x3f762c</run_address>
         <size>0x8</size>
         <input_file_ref idref="fl-3"/>
      </object_component>
      <object_component id="oc-df">
         <name>.text</name>
         <load_address>0x3f7634</load_address>
         <run_address>0x3f7634</run_address>
         <size>0x2</size>
         <input_file_ref idref="fl-22"/>
      </object_component>
      <object_component id="oc-e1">
         <name>.text</name>
         <load_address>0x3f7636</load_address>
         <run_address>0x3f7636</run_address>
         <size>0x1</size>
         <input_file_ref idref="fl-23"/>
      </object_component>
      <object_component id="oc-47">
         <name>codestart</name>
         <load_address>0x3f7ff6</load_address>
         <run_address>0x3f7ff6</run_address>
         <size>0x2</size>
         <input_file_ref idref="fl-3"/>
      </object_component>
      <object_component id="oc-aa">
         <name>.stack</name>
         <uninitialized>true</uninitialized>
         <run_address>0x0</run_address>
         <size>0x0</size>
         <input_file_ref idref="fl-1d"/>
      </object_component>
      <object_component id="oc-13c">
         <name>.stack</name>
         <uninitialized>true</uninitialized>
         <run_address>0x0</run_address>
         <size>0x0</size>
      </object_component>
      <object_component id="oc-4d">
         <name>.ebss</name>
         <uninitialized>true</uninitialized>
         <run_address>0x480</run_address>
         <size>0x8</size>
         <input_file_ref idref="fl-4"/>
      </object_component>
      <object_component id="oc-9d">
         <name>.ebss</name>
         <uninitialized>true</uninitialized>
         <run_address>0x488</run_address>
         <size>0x7</size>
         <input_file_ref idref="fl-b"/>
      </object_component>
      <object_component id="oc-a4">
         <name>.ebss</name>
         <uninitialized>true</uninitialized>
         <run_address>0x48f</run_address>
         <size>0x1</size>
         <input_file_ref idref="fl-c"/>
      </object_component>
      <object_component id="oc-d0">
         <name>.ebss</name>
         <uninitialized>true</uninitialized>
         <run_address>0x490</run_address>
         <size>0x6</size>
         <input_file_ref idref="fl-24"/>
      </object_component>
      <object_component id="oc-e8">
         <name>.ebss:__lock</name>
         <uninitialized>true</uninitialized>
         <run_address>0x496</run_address>
         <size>0x2</size>
         <input_file_ref idref="fl-25"/>
      </object_component>
      <object_component id="oc-f1">
         <name>.ebss:__unlock</name>
         <uninitialized>true</uninitialized>
         <run_address>0x498</run_address>
         <size>0x2</size>
         <input_file_ref idref="fl-25"/>
      </object_component>
      <object_component id="oc-f2">
         <name>.econst:_PieVectTableInit</name>
         <load_address>0x3f7638</load_address>
         <run_address>0x3f7638</run_address>
         <size>0x100</size>
         <input_file_ref idref="fl-8"/>
      </object_component>
      <object_component id="oc-ab">
         <name>.reset</name>
         <load_address>0x3fffc0</load_address>
         <run_address>0x3fffc0</run_address>
         <size>0x2</size>
         <input_file_ref idref="fl-1d"/>
      </object_component>
      <object_component id="oc-41">
         <name>.debug_info</name>
         <load_address>0x0</load_address>
         <run_address>0x0</run_address>
         <size>0x1287</size>
         <input_file_ref idref="fl-2"/>
      </object_component>
      <object_component id="oc-49">
         <name>.debug_info</name>
         <load_address>0x1287</load_address>
         <run_address>0x1287</run_address>
         <size>0x12b</size>
         <input_file_ref idref="fl-3"/>
      </object_component>
      <object_component id="oc-4c">
         <name>.debug_info</name>
         <load_address>0x13b2</load_address>
         <run_address>0x13b2</run_address>
         <size>0x891</size>
         <input_file_ref idref="fl-4"/>
      </object_component>
      <object_component id="oc-52">
         <name>.debug_info</name>
         <load_address>0x1c43</load_address>
         <run_address>0x1c43</run_address>
         <size>0x1f15</size>
         <input_file_ref idref="fl-5"/>
      </object_component>
      <object_component id="oc-58">
         <name>.debug_info</name>
         <load_address>0x3b58</load_address>
         <run_address>0x3b58</run_address>
         <size>0xe552</size>
         <input_file_ref idref="fl-6"/>
      </object_component>
      <object_component id="oc-87">
         <name>.debug_info</name>
         <load_address>0x120aa</load_address>
         <run_address>0x120aa</run_address>
         <size>0xabf</size>
         <input_file_ref idref="fl-7"/>
      </object_component>
      <object_component id="oc-8c">
         <name>.debug_info</name>
         <load_address>0x12b69</load_address>
         <run_address>0x12b69</run_address>
         <size>0x20f1</size>
         <input_file_ref idref="fl-8"/>
      </object_component>
      <object_component id="oc-91">
         <name>.debug_info</name>
         <load_address>0x14c5a</load_address>
         <run_address>0x14c5a</run_address>
         <size>0x1b9e</size>
         <input_file_ref idref="fl-9"/>
      </object_component>
      <object_component id="oc-96">
         <name>.debug_info</name>
         <load_address>0x167f8</load_address>
         <run_address>0x167f8</run_address>
         <size>0x1e58</size>
         <input_file_ref idref="fl-a"/>
      </object_component>
      <object_component id="oc-9b">
         <name>.debug_info</name>
         <load_address>0x18650</load_address>
         <run_address>0x18650</run_address>
         <size>0xbbe</size>
         <input_file_ref idref="fl-b"/>
      </object_component>
      <object_component id="oc-a2">
         <name>.debug_info</name>
         <load_address>0x1920e</load_address>
         <run_address>0x1920e</run_address>
         <size>0x16a6</size>
         <input_file_ref idref="fl-c"/>
      </object_component>
      <object_component id="oc-ac">
         <name>.debug_info</name>
         <load_address>0x1a8b4</load_address>
         <run_address>0x1a8b4</run_address>
         <size>0x173</size>
         <input_file_ref idref="fl-1d"/>
      </object_component>
      <object_component id="oc-b1">
         <name>.debug_info</name>
         <load_address>0x1aa27</load_address>
         <run_address>0x1aa27</run_address>
         <size>0x114</size>
         <input_file_ref idref="fl-1e"/>
      </object_component>
      <object_component id="oc-b6">
         <name>.debug_info</name>
         <load_address>0x1ab3b</load_address>
         <run_address>0x1ab3b</run_address>
         <size>0x120</size>
         <input_file_ref idref="fl-1f"/>
      </object_component>
      <object_component id="oc-ba">
         <name>.debug_info</name>
         <load_address>0x1ac5b</load_address>
         <run_address>0x1ac5b</run_address>
         <size>0x4fa</size>
         <input_file_ref idref="fl-20"/>
      </object_component>
      <object_component id="oc-bf">
         <name>.debug_info</name>
         <load_address>0x1b155</load_address>
         <run_address>0x1b155</run_address>
         <size>0x3d3</size>
         <input_file_ref idref="fl-21"/>
      </object_component>
      <object_component id="oc-c4">
         <name>.debug_info</name>
         <load_address>0x1b528</load_address>
         <run_address>0x1b528</run_address>
         <size>0x346</size>
         <input_file_ref idref="fl-22"/>
      </object_component>
      <object_component id="oc-c9">
         <name>.debug_info</name>
         <load_address>0x1b86e</load_address>
         <run_address>0x1b86e</run_address>
         <size>0x343</size>
         <input_file_ref idref="fl-23"/>
      </object_component>
      <object_component id="oc-ce">
         <name>.debug_info</name>
         <load_address>0x1bbb1</load_address>
         <run_address>0x1bbb1</run_address>
         <size>0x4dd</size>
         <input_file_ref idref="fl-24"/>
      </object_component>
      <object_component id="oc-d5">
         <name>.debug_info</name>
         <load_address>0x1c08e</load_address>
         <run_address>0x1c08e</run_address>
         <size>0x465</size>
         <input_file_ref idref="fl-25"/>
      </object_component>
      <object_component id="oc-da">
         <name>.debug_info</name>
         <load_address>0x1c4f3</load_address>
         <run_address>0x1c4f3</run_address>
         <size>0x3ee</size>
         <input_file_ref idref="fl-26"/>
      </object_component>
      <object_component id="oc-13d">
         <name>.debug_info</name>
         <load_address>0x1c8e1</load_address>
         <run_address>0x1c8e1</run_address>
         <size>0x92</size>
      </object_component>
      <object_component id="oc-42">
         <name>.debug_frame</name>
         <load_address>0x0</load_address>
         <run_address>0x0</run_address>
         <size>0x50</size>
         <input_file_ref idref="fl-2"/>
      </object_component>
      <object_component id="oc-4e">
         <name>.debug_frame</name>
         <load_address>0x50</load_address>
         <run_address>0x50</run_address>
         <size>0x54</size>
         <input_file_ref idref="fl-4"/>
      </object_component>
      <object_component id="oc-54">
         <name>.debug_frame</name>
         <load_address>0xa4</load_address>
         <run_address>0xa4</run_address>
         <size>0x638</size>
         <input_file_ref idref="fl-5"/>
      </object_component>
      <object_component id="oc-88">
         <name>.debug_frame</name>
         <load_address>0x6dc</load_address>
         <run_address>0x6dc</run_address>
         <size>0x50</size>
         <input_file_ref idref="fl-7"/>
      </object_component>
      <object_component id="oc-8d">
         <name>.debug_frame</name>
         <load_address>0x72c</load_address>
         <run_address>0x72c</run_address>
         <size>0x3c</size>
         <input_file_ref idref="fl-8"/>
      </object_component>
      <object_component id="oc-92">
         <name>.debug_frame</name>
         <load_address>0x768</load_address>
         <run_address>0x768</run_address>
         <size>0xb8</size>
         <input_file_ref idref="fl-9"/>
      </object_component>
      <object_component id="oc-97">
         <name>.debug_frame</name>
         <load_address>0x820</load_address>
         <run_address>0x820</run_address>
         <size>0x3c</size>
         <input_file_ref idref="fl-a"/>
      </object_component>
      <object_component id="oc-9e">
         <name>.debug_frame</name>
         <load_address>0x85c</load_address>
         <run_address>0x85c</run_address>
         <size>0x80</size>
         <input_file_ref idref="fl-b"/>
      </object_component>
      <object_component id="oc-a6">
         <name>.debug_frame</name>
         <load_address>0x8dc</load_address>
         <run_address>0x8dc</run_address>
         <size>0x90</size>
         <input_file_ref idref="fl-c"/>
      </object_component>
      <object_component id="oc-bb">
         <name>.debug_frame</name>
         <load_address>0x96c</load_address>
         <run_address>0x96c</run_address>
         <size>0x58</size>
         <input_file_ref idref="fl-20"/>
      </object_component>
      <object_component id="oc-c0">
         <name>.debug_frame</name>
         <load_address>0x9c4</load_address>
         <run_address>0x9c4</run_address>
         <size>0x38</size>
         <input_file_ref idref="fl-21"/>
      </object_component>
      <object_component id="oc-c5">
         <name>.debug_frame</name>
         <load_address>0x9fc</load_address>
         <run_address>0x9fc</run_address>
         <size>0x38</size>
         <input_file_ref idref="fl-22"/>
      </object_component>
      <object_component id="oc-ca">
         <name>.debug_frame</name>
         <load_address>0xa34</load_address>
         <run_address>0xa34</run_address>
         <size>0x38</size>
         <input_file_ref idref="fl-23"/>
      </object_component>
      <object_component id="oc-d1">
         <name>.debug_frame</name>
         <load_address>0xa6c</load_address>
         <run_address>0xa6c</run_address>
         <size>0x58</size>
         <input_file_ref idref="fl-24"/>
      </object_component>
      <object_component id="oc-d6">
         <name>.debug_frame</name>
         <load_address>0xac4</load_address>
         <run_address>0xac4</run_address>
         <size>0x68</size>
         <input_file_ref idref="fl-25"/>
      </object_component>
      <object_component id="oc-db">
         <name>.debug_frame</name>
         <load_address>0xb2c</load_address>
         <run_address>0xb2c</run_address>
         <size>0x38</size>
         <input_file_ref idref="fl-26"/>
      </object_component>
      <object_component id="oc-43">
         <name>.debug_line</name>
         <load_address>0x0</load_address>
         <run_address>0x0</run_address>
         <size>0x82</size>
         <input_file_ref idref="fl-2"/>
      </object_component>
      <object_component id="oc-48">
         <name>.debug_line</name>
         <load_address>0x82</load_address>
         <run_address>0x82</run_address>
         <size>0x6a</size>
         <input_file_ref idref="fl-3"/>
      </object_component>
      <object_component id="oc-4f">
         <name>.debug_line</name>
         <load_address>0xec</load_address>
         <run_address>0xec</run_address>
         <size>0x83</size>
         <input_file_ref idref="fl-4"/>
      </object_component>
      <object_component id="oc-55">
         <name>.debug_line</name>
         <load_address>0x16f</load_address>
         <run_address>0x16f</run_address>
         <size>0x60c</size>
         <input_file_ref idref="fl-5"/>
      </object_component>
      <object_component id="oc-89">
         <name>.debug_line</name>
         <load_address>0x77b</load_address>
         <run_address>0x77b</run_address>
         <size>0x8f</size>
         <input_file_ref idref="fl-7"/>
      </object_component>
      <object_component id="oc-8e">
         <name>.debug_line</name>
         <load_address>0x80a</load_address>
         <run_address>0x80a</run_address>
         <size>0x71</size>
         <input_file_ref idref="fl-8"/>
      </object_component>
      <object_component id="oc-93">
         <name>.debug_line</name>
         <load_address>0x87b</load_address>
         <run_address>0x87b</run_address>
         <size>0x148</size>
         <input_file_ref idref="fl-9"/>
      </object_component>
      <object_component id="oc-98">
         <name>.debug_line</name>
         <load_address>0x9c3</load_address>
         <run_address>0x9c3</run_address>
         <size>0x5b</size>
         <input_file_ref idref="fl-a"/>
      </object_component>
      <object_component id="oc-9f">
         <name>.debug_line</name>
         <load_address>0xa1e</load_address>
         <run_address>0xa1e</run_address>
         <size>0x115</size>
         <input_file_ref idref="fl-b"/>
      </object_component>
      <object_component id="oc-a7">
         <name>.debug_line</name>
         <load_address>0xb33</load_address>
         <run_address>0xb33</run_address>
         <size>0x9a</size>
         <input_file_ref idref="fl-c"/>
      </object_component>
      <object_component id="oc-ad">
         <name>.debug_line</name>
         <load_address>0xbcd</load_address>
         <run_address>0xbcd</run_address>
         <size>0x7d</size>
         <input_file_ref idref="fl-1d"/>
      </object_component>
      <object_component id="oc-b2">
         <name>.debug_line</name>
         <load_address>0xc4a</load_address>
         <run_address>0xc4a</run_address>
         <size>0x8d</size>
         <input_file_ref idref="fl-1e"/>
      </object_component>
      <object_component id="oc-b7">
         <name>.debug_line</name>
         <load_address>0xcd7</load_address>
         <run_address>0xcd7</run_address>
         <size>0x60</size>
         <input_file_ref idref="fl-1f"/>
      </object_component>
      <object_component id="oc-bc">
         <name>.debug_line</name>
         <load_address>0xd37</load_address>
         <run_address>0xd37</run_address>
         <size>0x50</size>
         <input_file_ref idref="fl-20"/>
      </object_component>
      <object_component id="oc-c1">
         <name>.debug_line</name>
         <load_address>0xd87</load_address>
         <run_address>0xd87</run_address>
         <size>0x62</size>
         <input_file_ref idref="fl-21"/>
      </object_component>
      <object_component id="oc-c6">
         <name>.debug_line</name>
         <load_address>0xde9</load_address>
         <run_address>0xde9</run_address>
         <size>0x3e</size>
         <input_file_ref idref="fl-22"/>
      </object_component>
      <object_component id="oc-cb">
         <name>.debug_line</name>
         <load_address>0xe27</load_address>
         <run_address>0xe27</run_address>
         <size>0x3a</size>
         <input_file_ref idref="fl-23"/>
      </object_component>
      <object_component id="oc-d2">
         <name>.debug_line</name>
         <load_address>0xe61</load_address>
         <run_address>0xe61</run_address>
         <size>0x65</size>
         <input_file_ref idref="fl-24"/>
      </object_component>
      <object_component id="oc-d7">
         <name>.debug_line</name>
         <load_address>0xec6</load_address>
         <run_address>0xec6</run_address>
         <size>0x5e</size>
         <input_file_ref idref="fl-25"/>
      </object_component>
      <object_component id="oc-dc">
         <name>.debug_line</name>
         <load_address>0xf24</load_address>
         <run_address>0xf24</run_address>
         <size>0x4f</size>
         <input_file_ref idref="fl-26"/>
      </object_component>
      <object_component id="oc-44">
         <name>.debug_abbrev</name>
         <load_address>0x0</load_address>
         <run_address>0x0</run_address>
         <size>0xf8</size>
         <input_file_ref idref="fl-2"/>
      </object_component>
      <object_component id="oc-4a">
         <name>.debug_abbrev</name>
         <load_address>0xf8</load_address>
         <run_address>0xf8</run_address>
         <size>0x21</size>
         <input_file_ref idref="fl-3"/>
      </object_component>
      <object_component id="oc-50">
         <name>.debug_abbrev</name>
         <load_address>0x119</load_address>
         <run_address>0x119</run_address>
         <size>0x10b</size>
         <input_file_ref idref="fl-4"/>
      </object_component>
      <object_component id="oc-56">
         <name>.debug_abbrev</name>
         <load_address>0x224</load_address>
         <run_address>0x224</run_address>
         <size>0xde</size>
         <input_file_ref idref="fl-5"/>
      </object_component>
      <object_component id="oc-86">
         <name>.debug_abbrev</name>
         <load_address>0x302</load_address>
         <run_address>0x302</run_address>
         <size>0xb7</size>
         <input_file_ref idref="fl-6"/>
      </object_component>
      <object_component id="oc-8a">
         <name>.debug_abbrev</name>
         <load_address>0x3b9</load_address>
         <run_address>0x3b9</run_address>
         <size>0xc8</size>
         <input_file_ref idref="fl-7"/>
      </object_component>
      <object_component id="oc-8f">
         <name>.debug_abbrev</name>
         <load_address>0x481</load_address>
         <run_address>0x481</run_address>
         <size>0x116</size>
         <input_file_ref idref="fl-8"/>
      </object_component>
      <object_component id="oc-94">
         <name>.debug_abbrev</name>
         <load_address>0x597</load_address>
         <run_address>0x597</run_address>
         <size>0x156</size>
         <input_file_ref idref="fl-9"/>
      </object_component>
      <object_component id="oc-99">
         <name>.debug_abbrev</name>
         <load_address>0x6ed</load_address>
         <run_address>0x6ed</run_address>
         <size>0x116</size>
         <input_file_ref idref="fl-a"/>
      </object_component>
      <object_component id="oc-a0">
         <name>.debug_abbrev</name>
         <load_address>0x803</load_address>
         <run_address>0x803</run_address>
         <size>0xec</size>
         <input_file_ref idref="fl-b"/>
      </object_component>
      <object_component id="oc-a8">
         <name>.debug_abbrev</name>
         <load_address>0x8ef</load_address>
         <run_address>0x8ef</run_address>
         <size>0x157</size>
         <input_file_ref idref="fl-c"/>
      </object_component>
      <object_component id="oc-ae">
         <name>.debug_abbrev</name>
         <load_address>0xa46</load_address>
         <run_address>0xa46</run_address>
         <size>0x46</size>
         <input_file_ref idref="fl-1d"/>
      </object_component>
      <object_component id="oc-b3">
         <name>.debug_abbrev</name>
         <load_address>0xa8c</load_address>
         <run_address>0xa8c</run_address>
         <size>0x38</size>
         <input_file_ref idref="fl-1e"/>
      </object_component>
      <object_component id="oc-b8">
         <name>.debug_abbrev</name>
         <load_address>0xac4</load_address>
         <run_address>0xac4</run_address>
         <size>0x38</size>
         <input_file_ref idref="fl-1f"/>
      </object_component>
      <object_component id="oc-bd">
         <name>.debug_abbrev</name>
         <load_address>0xafc</load_address>
         <run_address>0xafc</run_address>
         <size>0xe3</size>
         <input_file_ref idref="fl-20"/>
      </object_component>
      <object_component id="oc-c2">
         <name>.debug_abbrev</name>
         <load_address>0xbdf</load_address>
         <run_address>0xbdf</run_address>
         <size>0xa8</size>
         <input_file_ref idref="fl-21"/>
      </object_component>
      <object_component id="oc-c7">
         <name>.debug_abbrev</name>
         <load_address>0xc87</load_address>
         <run_address>0xc87</run_address>
         <size>0x68</size>
         <input_file_ref idref="fl-22"/>
      </object_component>
      <object_component id="oc-cc">
         <name>.debug_abbrev</name>
         <load_address>0xcef</load_address>
         <run_address>0xcef</run_address>
         <size>0x66</size>
         <input_file_ref idref="fl-23"/>
      </object_component>
      <object_component id="oc-d3">
         <name>.debug_abbrev</name>
         <load_address>0xd55</load_address>
         <run_address>0xd55</run_address>
         <size>0x130</size>
         <input_file_ref idref="fl-24"/>
      </object_component>
      <object_component id="oc-d8">
         <name>.debug_abbrev</name>
         <load_address>0xe85</load_address>
         <run_address>0xe85</run_address>
         <size>0xb2</size>
         <input_file_ref idref="fl-25"/>
      </object_component>
      <object_component id="oc-dd">
         <name>.debug_abbrev</name>
         <load_address>0xf37</load_address>
         <run_address>0xf37</run_address>
         <size>0xee</size>
         <input_file_ref idref="fl-26"/>
      </object_component>
      <object_component id="oc-13e">
         <name>.debug_abbrev</name>
         <load_address>0x1025</load_address>
         <run_address>0x1025</run_address>
         <size>0xf</size>
      </object_component>
      <object_component id="oc-45">
         <name>.debug_aranges</name>
         <load_address>0x0</load_address>
         <run_address>0x0</run_address>
         <size>0x28</size>
         <input_file_ref idref="fl-2"/>
      </object_component>
      <object_component id="oc-4b">
         <name>.debug_aranges</name>
         <load_address>0x28</load_address>
         <run_address>0x28</run_address>
         <size>0x28</size>
         <input_file_ref idref="fl-3"/>
      </object_component>
      <object_component id="oc-51">
         <name>.debug_aranges</name>
         <load_address>0x50</load_address>
         <run_address>0x50</run_address>
         <size>0x28</size>
         <input_file_ref idref="fl-4"/>
      </object_component>
      <object_component id="oc-57">
         <name>.debug_aranges</name>
         <load_address>0x78</load_address>
         <run_address>0x78</run_address>
         <size>0x220</size>
         <input_file_ref idref="fl-5"/>
      </object_component>
      <object_component id="oc-8b">
         <name>.debug_aranges</name>
         <load_address>0x298</load_address>
         <run_address>0x298</run_address>
         <size>0x28</size>
         <input_file_ref idref="fl-7"/>
      </object_component>
      <object_component id="oc-90">
         <name>.debug_aranges</name>
         <load_address>0x2c0</load_address>
         <run_address>0x2c0</run_address>
         <size>0x20</size>
         <input_file_ref idref="fl-8"/>
      </object_component>
      <object_component id="oc-95">
         <name>.debug_aranges</name>
         <load_address>0x2e0</load_address>
         <run_address>0x2e0</run_address>
         <size>0x48</size>
         <input_file_ref idref="fl-9"/>
      </object_component>
      <object_component id="oc-9a">
         <name>.debug_aranges</name>
         <load_address>0x328</load_address>
         <run_address>0x328</run_address>
         <size>0x20</size>
         <input_file_ref idref="fl-a"/>
      </object_component>
      <object_component id="oc-a1">
         <name>.debug_aranges</name>
         <load_address>0x348</load_address>
         <run_address>0x348</run_address>
         <size>0x38</size>
         <input_file_ref idref="fl-b"/>
      </object_component>
      <object_component id="oc-a9">
         <name>.debug_aranges</name>
         <load_address>0x380</load_address>
         <run_address>0x380</run_address>
         <size>0x28</size>
         <input_file_ref idref="fl-c"/>
      </object_component>
      <object_component id="oc-af">
         <name>.debug_aranges</name>
         <load_address>0x3a8</load_address>
         <run_address>0x3a8</run_address>
         <size>0x20</size>
         <input_file_ref idref="fl-1d"/>
      </object_component>
      <object_component id="oc-b4">
         <name>.debug_aranges</name>
         <load_address>0x3c8</load_address>
         <run_address>0x3c8</run_address>
         <size>0x20</size>
         <input_file_ref idref="fl-1e"/>
      </object_component>
      <object_component id="oc-b9">
         <name>.debug_aranges</name>
         <load_address>0x3e8</load_address>
         <run_address>0x3e8</run_address>
         <size>0x20</size>
         <input_file_ref idref="fl-1f"/>
      </object_component>
      <object_component id="oc-be">
         <name>.debug_aranges</name>
         <load_address>0x408</load_address>
         <run_address>0x408</run_address>
         <size>0x20</size>
         <input_file_ref idref="fl-20"/>
      </object_component>
      <object_component id="oc-c3">
         <name>.debug_aranges</name>
         <load_address>0x428</load_address>
         <run_address>0x428</run_address>
         <size>0x20</size>
         <input_file_ref idref="fl-21"/>
      </object_component>
      <object_component id="oc-c8">
         <name>.debug_aranges</name>
         <load_address>0x448</load_address>
         <run_address>0x448</run_address>
         <size>0x20</size>
         <input_file_ref idref="fl-22"/>
      </object_component>
      <object_component id="oc-cd">
         <name>.debug_aranges</name>
         <load_address>0x468</load_address>
         <run_address>0x468</run_address>
         <size>0x20</size>
         <input_file_ref idref="fl-23"/>
      </object_component>
      <object_component id="oc-d4">
         <name>.debug_aranges</name>
         <load_address>0x488</load_address>
         <run_address>0x488</run_address>
         <size>0x28</size>
         <input_file_ref idref="fl-24"/>
      </object_component>
      <object_component id="oc-d9">
         <name>.debug_aranges</name>
         <load_address>0x4b0</load_address>
         <run_address>0x4b0</run_address>
         <size>0x30</size>
         <input_file_ref idref="fl-25"/>
      </object_component>
      <object_component id="oc-de">
         <name>.debug_aranges</name>
         <load_address>0x4e0</load_address>
         <run_address>0x4e0</run_address>
         <size>0x20</size>
         <input_file_ref idref="fl-26"/>
      </object_component>
   </object_component_list>
   <logical_group_list>
      <logical_group id="lg-2" display="no" color="cyan">
         <name>PieVectTableFile</name>
         <run_address>0xd00</run_address>
         <size>0x100</size>
         <contents>
            <object_component_ref idref="oc-85"/>
         </contents>
      </logical_group>
      <logical_group id="lg-3" display="no" color="cyan">
         <name>DevEmuRegsFile</name>
         <run_address>0x880</run_address>
         <size>0xd0</size>
         <contents>
            <object_component_ref idref="oc-82"/>
         </contents>
      </logical_group>
      <logical_group id="lg-4" display="no" color="cyan">
         <name>FlashRegsFile</name>
         <run_address>0xa80</run_address>
         <size>0x8</size>
         <contents>
            <object_component_ref idref="oc-5d"/>
         </contents>
      </logical_group>
      <logical_group id="lg-5" display="no" color="cyan">
         <name>CsmRegsFile</name>
         <run_address>0xae0</run_address>
         <size>0x10</size>
         <contents>
            <object_component_ref idref="oc-60"/>
         </contents>
      </logical_group>
      <logical_group id="lg-6" display="no" color="cyan">
         <name>AdcMirrorFile</name>
         <run_address>0xb00</run_address>
         <size>0x10</size>
         <contents>
            <object_component_ref idref="oc-5f"/>
         </contents>
      </logical_group>
      <logical_group id="lg-7" display="no" color="cyan">
         <name>CpuTimer0RegsFile</name>
         <run_address>0xc00</run_address>
         <size>0x8</size>
         <contents>
            <object_component_ref idref="oc-59"/>
         </contents>
      </logical_group>
      <logical_group id="lg-8" display="no" color="cyan">
         <name>CpuTimer1RegsFile</name>
         <run_address>0xc08</run_address>
         <size>0x8</size>
         <contents>
            <object_component_ref idref="oc-5a"/>
         </contents>
      </logical_group>
      <logical_group id="lg-9" display="no" color="cyan">
         <name>CpuTimer2RegsFile</name>
         <run_address>0xc10</run_address>
         <size>0x8</size>
         <contents>
            <object_component_ref idref="oc-5b"/>
         </contents>
      </logical_group>
      <logical_group id="lg-a" display="no" color="cyan">
         <name>PieCtrlRegsFile</name>
         <run_address>0xce0</run_address>
         <size>0x1a</size>
         <contents>
            <object_component_ref idref="oc-68"/>
         </contents>
      </logical_group>
      <logical_group id="lg-b" display="no" color="cyan">
         <name>ECanaRegsFile</name>
         <run_address>0x6000</run_address>
         <size>0x34</size>
         <contents>
            <object_component_ref idref="oc-77"/>
         </contents>
      </logical_group>
      <logical_group id="lg-c" display="no" color="cyan">
         <name>ECanaLAMRegsFile</name>
         <run_address>0x6040</run_address>
         <size>0x40</size>
         <contents>
            <object_component_ref idref="oc-79"/>
         </contents>
      </logical_group>
      <logical_group id="lg-d" display="no" color="cyan">
         <name>ECanaMboxesFile</name>
         <run_address>0x6100</run_address>
         <size>0x100</size>
         <contents>
            <object_component_ref idref="oc-83"/>
         </contents>
      </logical_group>
      <logical_group id="lg-e" display="no" color="cyan">
         <name>ECanaMOTSRegsFile</name>
         <run_address>0x6080</run_address>
         <size>0x40</size>
         <contents>
            <object_component_ref idref="oc-7a"/>
         </contents>
      </logical_group>
      <logical_group id="lg-f" display="no" color="cyan">
         <name>ECanaMOTORegsFile</name>
         <run_address>0x60c0</run_address>
         <size>0x40</size>
         <contents>
            <object_component_ref idref="oc-7b"/>
         </contents>
      </logical_group>
      <logical_group id="lg-10" display="no" color="cyan">
         <name>ECanbRegsFile</name>
         <run_address>0x6200</run_address>
         <size>0x34</size>
         <contents>
            <object_component_ref idref="oc-78"/>
         </contents>
      </logical_group>
      <logical_group id="lg-11" display="no" color="cyan">
         <name>ECanbLAMRegsFile</name>
         <run_address>0x6240</run_address>
         <size>0x40</size>
         <contents>
            <object_component_ref idref="oc-7c"/>
         </contents>
      </logical_group>
      <logical_group id="lg-12" display="no" color="cyan">
         <name>ECanbMboxesFile</name>
         <run_address>0x6300</run_address>
         <size>0x100</size>
         <contents>
            <object_component_ref idref="oc-84"/>
         </contents>
      </logical_group>
      <logical_group id="lg-13" display="no" color="cyan">
         <name>ECanbMOTSRegsFile</name>
         <run_address>0x6280</run_address>
         <size>0x40</size>
         <contents>
            <object_component_ref idref="oc-7d"/>
         </contents>
      </logical_group>
      <logical_group id="lg-14" display="no" color="cyan">
         <name>ECanbMOTORegsFile</name>
         <run_address>0x62c0</run_address>
         <size>0x40</size>
         <contents>
            <object_component_ref idref="oc-7e"/>
         </contents>
      </logical_group>
      <logical_group id="lg-15" display="no" color="cyan">
         <name>EPwm1RegsFile</name>
         <run_address>0x6800</run_address>
         <size>0x22</size>
         <contents>
            <object_component_ref idref="oc-70"/>
         </contents>
      </logical_group>
      <logical_group id="lg-16" display="no" color="cyan">
         <name>EPwm2RegsFile</name>
         <run_address>0x6840</run_address>
         <size>0x22</size>
         <contents>
            <object_component_ref idref="oc-71"/>
         </contents>
      </logical_group>
      <logical_group id="lg-17" display="no" color="cyan">
         <name>EPwm3RegsFile</name>
         <run_address>0x6880</run_address>
         <size>0x22</size>
         <contents>
            <object_component_ref idref="oc-72"/>
         </contents>
      </logical_group>
      <logical_group id="lg-18" display="no" color="cyan">
         <name>EPwm4RegsFile</name>
         <run_address>0x68c0</run_address>
         <size>0x22</size>
         <contents>
            <object_component_ref idref="oc-73"/>
         </contents>
      </logical_group>
      <logical_group id="lg-19" display="no" color="cyan">
         <name>EPwm5RegsFile</name>
         <run_address>0x6900</run_address>
         <size>0x22</size>
         <contents>
            <object_component_ref idref="oc-74"/>
         </contents>
      </logical_group>
      <logical_group id="lg-1a" display="no" color="cyan">
         <name>EPwm6RegsFile</name>
         <run_address>0x6940</run_address>
         <size>0x22</size>
         <contents>
            <object_component_ref idref="oc-75"/>
         </contents>
      </logical_group>
      <logical_group id="lg-1b" display="no" color="cyan">
         <name>ECap1RegsFile</name>
         <run_address>0x6a00</run_address>
         <size>0x20</size>
         <contents>
            <object_component_ref idref="oc-6a"/>
         </contents>
      </logical_group>
      <logical_group id="lg-1c" display="no" color="cyan">
         <name>ECap2RegsFile</name>
         <run_address>0x6a20</run_address>
         <size>0x20</size>
         <contents>
            <object_component_ref idref="oc-6b"/>
         </contents>
      </logical_group>
      <logical_group id="lg-1d" display="no" color="cyan">
         <name>ECap3RegsFile</name>
         <run_address>0x6a40</run_address>
         <size>0x20</size>
         <contents>
            <object_component_ref idref="oc-6c"/>
         </contents>
      </logical_group>
      <logical_group id="lg-1e" display="no" color="cyan">
         <name>ECap4RegsFile</name>
         <run_address>0x6a60</run_address>
         <size>0x20</size>
         <contents>
            <object_component_ref idref="oc-6d"/>
         </contents>
      </logical_group>
      <logical_group id="lg-1f" display="no" color="cyan">
         <name>EQep1RegsFile</name>
         <run_address>0x6b00</run_address>
         <size>0x40</size>
         <contents>
            <object_component_ref idref="oc-7f"/>
         </contents>
      </logical_group>
      <logical_group id="lg-20" display="no" color="cyan">
         <name>EQep2RegsFile</name>
         <run_address>0x6b40</run_address>
         <size>0x40</size>
         <contents>
            <object_component_ref idref="oc-80"/>
         </contents>
      </logical_group>
      <logical_group id="lg-21" display="no" color="cyan">
         <name>GpioCtrlRegsFile</name>
         <run_address>0x6f80</run_address>
         <size>0x40</size>
         <contents>
            <object_component_ref idref="oc-81"/>
         </contents>
      </logical_group>
      <logical_group id="lg-22" display="no" color="cyan">
         <name>GpioDataRegsFile</name>
         <run_address>0x6fc0</run_address>
         <size>0x20</size>
         <contents>
            <object_component_ref idref="oc-6e"/>
         </contents>
      </logical_group>
      <logical_group id="lg-23" display="no" color="cyan">
         <name>GpioIntRegsFile</name>
         <run_address>0x6fe0</run_address>
         <size>0xa</size>
         <contents>
            <object_component_ref idref="oc-5e"/>
         </contents>
      </logical_group>
      <logical_group id="lg-24" display="no" color="cyan">
         <name>SysCtrlRegsFile</name>
         <run_address>0x7010</run_address>
         <size>0x20</size>
         <contents>
            <object_component_ref idref="oc-6f"/>
         </contents>
      </logical_group>
      <logical_group id="lg-25" display="no" color="cyan">
         <name>SpiaRegsFile</name>
         <run_address>0x7040</run_address>
         <size>0x10</size>
         <contents>
            <object_component_ref idref="oc-63"/>
         </contents>
      </logical_group>
      <logical_group id="lg-26" display="no" color="cyan">
         <name>SciaRegsFile</name>
         <run_address>0x7050</run_address>
         <size>0x10</size>
         <contents>
            <object_component_ref idref="oc-61"/>
         </contents>
      </logical_group>
      <logical_group id="lg-27" display="no" color="cyan">
         <name>XIntruptRegsFile</name>
         <run_address>0x7070</run_address>
         <size>0x10</size>
         <contents>
            <object_component_ref idref="oc-67"/>
         </contents>
      </logical_group>
      <logical_group id="lg-28" display="no" color="cyan">
         <name>AdcRegsFile</name>
         <run_address>0x7100</run_address>
         <size>0x1e</size>
         <contents>
            <object_component_ref idref="oc-69"/>
         </contents>
      </logical_group>
      <logical_group id="lg-29" display="no" color="cyan">
         <name>SpibRegsFile</name>
         <run_address>0x7740</run_address>
         <size>0x10</size>
         <contents>
            <object_component_ref idref="oc-64"/>
         </contents>
      </logical_group>
      <logical_group id="lg-2a" display="no" color="cyan">
         <name>ScibRegsFile</name>
         <run_address>0x7750</run_address>
         <size>0x10</size>
         <contents>
            <object_component_ref idref="oc-62"/>
         </contents>
      </logical_group>
      <logical_group id="lg-2b" display="no" color="cyan">
         <name>SpicRegsFile</name>
         <run_address>0x7760</run_address>
         <size>0x10</size>
         <contents>
            <object_component_ref idref="oc-65"/>
         </contents>
      </logical_group>
      <logical_group id="lg-2c" display="no" color="cyan">
         <name>SpidRegsFile</name>
         <run_address>0x7780</run_address>
         <size>0x10</size>
         <contents>
            <object_component_ref idref="oc-66"/>
         </contents>
      </logical_group>
      <logical_group id="lg-2d" display="no" color="cyan">
         <name>I2caRegsFile</name>
         <run_address>0x7900</run_address>
         <size>0x22</size>
         <contents>
            <object_component_ref idref="oc-76"/>
         </contents>
      </logical_group>
      <logical_group id="lg-2e" display="no" color="cyan">
         <name>CsmPwlFile</name>
         <run_address>0x3f7ff8</run_address>
         <size>0x8</size>
         <contents>
            <object_component_ref idref="oc-5c"/>
         </contents>
      </logical_group>
      <logical_group id="lg-2f" display="no" color="cyan">
         <name>.cinit</name>
         <load_address>0x3f7738</load_address>
         <run_address>0x3f7738</run_address>
         <size>0x3a</size>
         <contents>
            <object_component_ref idref="oc-9c"/>
            <object_component_ref idref="oc-cf"/>
            <object_component_ref idref="oc-e9"/>
            <object_component_ref idref="oc-ec"/>
            <object_component_ref idref="oc-a3"/>
         </contents>
      </logical_group>
      <logical_group id="lg-30" display="no" color="cyan">
         <name>.pinit</name>
         <run_address>0x0</run_address>
         <size>0x0</size>
         <contents>
         </contents>
      </logical_group>
      <logical_group id="lg-31" display="no" color="cyan">
         <name>.text</name>
         <load_address>0x3f7000</load_address>
         <run_address>0x3f7000</run_address>
         <size>0x637</size>
         <contents>
            <object_component_ref idref="oc-53"/>
            <object_component_ref idref="oc-e4"/>
            <object_component_ref idref="oc-ed"/>
            <object_component_ref idref="oc-a5"/>
            <object_component_ref idref="oc-b0"/>
            <object_component_ref idref="oc-40"/>
            <object_component_ref idref="oc-f0"/>
            <object_component_ref idref="oc-e7"/>
            <object_component_ref idref="oc-ea"/>
            <object_component_ref idref="oc-e3"/>
            <object_component_ref idref="oc-b5"/>
            <object_component_ref idref="oc-ee"/>
            <object_component_ref idref="oc-e0"/>
            <object_component_ref idref="oc-ef"/>
            <object_component_ref idref="oc-e5"/>
            <object_component_ref idref="oc-e6"/>
            <object_component_ref idref="oc-e2"/>
            <object_component_ref idref="oc-eb"/>
            <object_component_ref idref="oc-46"/>
            <object_component_ref idref="oc-df"/>
            <object_component_ref idref="oc-e1"/>
         </contents>
      </logical_group>
      <logical_group id="lg-32" display="no" color="cyan">
         <name>codestart</name>
         <load_address>0x3f7ff6</load_address>
         <run_address>0x3f7ff6</run_address>
         <size>0x2</size>
         <contents>
            <object_component_ref idref="oc-47"/>
         </contents>
      </logical_group>
      <logical_group id="lg-33" display="no" color="cyan">
         <name>ramfuncs</name>
         <run_address>0x8000</run_address>
         <size>0x0</size>
         <contents>
         </contents>
      </logical_group>
      <logical_group id="lg-34" display="no" color="cyan">
         <name>csmpasswds</name>
         <run_address>0x0</run_address>
         <size>0x0</size>
         <contents>
         </contents>
      </logical_group>
      <logical_group id="lg-35" display="no" color="cyan">
         <name>csm_rsvd</name>
         <run_address>0x0</run_address>
         <size>0x0</size>
         <contents>
         </contents>
      </logical_group>
      <logical_group id="lg-36" display="no" color="cyan">
         <name>.stack</name>
         <run_address>0x0</run_address>
         <size>0x300</size>
         <contents>
            <object_component_ref idref="oc-aa"/>
            <object_component_ref idref="oc-13c"/>
         </contents>
      </logical_group>
      <logical_group id="lg-37" display="no" color="cyan">
         <name>.ebss</name>
         <run_address>0x480</run_address>
         <size>0x1a</size>
         <contents>
            <object_component_ref idref="oc-4d"/>
            <object_component_ref idref="oc-9d"/>
            <object_component_ref idref="oc-a4"/>
            <object_component_ref idref="oc-d0"/>
            <object_component_ref idref="oc-e8"/>
            <object_component_ref idref="oc-f1"/>
         </contents>
      </logical_group>
      <logical_group id="lg-38" display="no" color="cyan">
         <name>.esysmem</name>
         <run_address>0x0</run_address>
         <size>0x0</size>
         <contents>
         </contents>
      </logical_group>
      <logical_group id="lg-39" display="no" color="cyan">
         <name>.econst</name>
         <load_address>0x3f7638</load_address>
         <run_address>0x3f7638</run_address>
         <size>0x100</size>
         <contents>
            <object_component_ref idref="oc-f2"/>
         </contents>
      </logical_group>
      <logical_group id="lg-3a" display="no" color="cyan">
         <name>.switch</name>
         <run_address>0x0</run_address>
         <size>0x0</size>
         <contents>
         </contents>
      </logical_group>
      <logical_group id="lg-3b" display="no" color="cyan">
         <name>IQmath</name>
         <run_address>0x0</run_address>
         <size>0x0</size>
         <contents>
         </contents>
      </logical_group>
      <logical_group id="lg-3c" display="no" color="cyan">
         <name>IQmathTables</name>
         <run_address>0x0</run_address>
         <size>0x0</size>
         <contents>
         </contents>
      </logical_group>
      <logical_group id="lg-3d" display="no" color="cyan">
         <name>.reset</name>
         <load_address>0x3fffc0</load_address>
         <run_address>0x3fffc0</run_address>
         <size>0x2</size>
         <contents>
            <object_component_ref idref="oc-ab"/>
         </contents>
      </logical_group>
      <logical_group id="lg-3e" display="no" color="cyan">
         <name>vectors</name>
         <run_address>0x3fffc2</run_address>
         <size>0x0</size>
         <contents>
         </contents>
      </logical_group>
      <logical_group id="lg-130" display="never" color="cyan">
         <name>.debug_info</name>
         <load_address>0x0</load_address>
         <run_address>0x0</run_address>
         <size>0x1c973</size>
         <contents>
            <object_component_ref idref="oc-41"/>
            <object_component_ref idref="oc-49"/>
            <object_component_ref idref="oc-4c"/>
            <object_component_ref idref="oc-52"/>
            <object_component_ref idref="oc-58"/>
            <object_component_ref idref="oc-87"/>
            <object_component_ref idref="oc-8c"/>
            <object_component_ref idref="oc-91"/>
            <object_component_ref idref="oc-96"/>
            <object_component_ref idref="oc-9b"/>
            <object_component_ref idref="oc-a2"/>
            <object_component_ref idref="oc-ac"/>
            <object_component_ref idref="oc-b1"/>
            <object_component_ref idref="oc-b6"/>
            <object_component_ref idref="oc-ba"/>
            <object_component_ref idref="oc-bf"/>
            <object_component_ref idref="oc-c4"/>
            <object_component_ref idref="oc-c9"/>
            <object_component_ref idref="oc-ce"/>
            <object_component_ref idref="oc-d5"/>
            <object_component_ref idref="oc-da"/>
            <object_component_ref idref="oc-13d"/>
         </contents>
      </logical_group>
      <logical_group id="lg-132" display="never" color="cyan">
         <name>.debug_frame</name>
         <load_address>0x0</load_address>
         <run_address>0x0</run_address>
         <size>0xb64</size>
         <contents>
            <object_component_ref idref="oc-42"/>
            <object_component_ref idref="oc-4e"/>
            <object_component_ref idref="oc-54"/>
            <object_component_ref idref="oc-88"/>
            <object_component_ref idref="oc-8d"/>
            <object_component_ref idref="oc-92"/>
            <object_component_ref idref="oc-97"/>
            <object_component_ref idref="oc-9e"/>
            <object_component_ref idref="oc-a6"/>
            <object_component_ref idref="oc-bb"/>
            <object_component_ref idref="oc-c0"/>
            <object_component_ref idref="oc-c5"/>
            <object_component_ref idref="oc-ca"/>
            <object_component_ref idref="oc-d1"/>
            <object_component_ref idref="oc-d6"/>
            <object_component_ref idref="oc-db"/>
         </contents>
      </logical_group>
      <logical_group id="lg-134" display="never" color="cyan">
         <name>.debug_line</name>
         <load_address>0x0</load_address>
         <run_address>0x0</run_address>
         <size>0xf73</size>
         <contents>
            <object_component_ref idref="oc-43"/>
            <object_component_ref idref="oc-48"/>
            <object_component_ref idref="oc-4f"/>
            <object_component_ref idref="oc-55"/>
            <object_component_ref idref="oc-89"/>
            <object_component_ref idref="oc-8e"/>
            <object_component_ref idref="oc-93"/>
            <object_component_ref idref="oc-98"/>
            <object_component_ref idref="oc-9f"/>
            <object_component_ref idref="oc-a7"/>
            <object_component_ref idref="oc-ad"/>
            <object_component_ref idref="oc-b2"/>
            <object_component_ref idref="oc-b7"/>
            <object_component_ref idref="oc-bc"/>
            <object_component_ref idref="oc-c1"/>
            <object_component_ref idref="oc-c6"/>
            <object_component_ref idref="oc-cb"/>
            <object_component_ref idref="oc-d2"/>
            <object_component_ref idref="oc-d7"/>
            <object_component_ref idref="oc-dc"/>
         </contents>
      </logical_group>
      <logical_group id="lg-136" display="never" color="cyan">
         <name>.debug_abbrev</name>
         <load_address>0x0</load_address>
         <run_address>0x0</run_address>
         <size>0x1034</size>
         <contents>
            <object_component_ref idref="oc-44"/>
            <object_component_ref idref="oc-4a"/>
            <object_component_ref idref="oc-50"/>
            <object_component_ref idref="oc-56"/>
            <object_component_ref idref="oc-86"/>
            <object_component_ref idref="oc-8a"/>
            <object_component_ref idref="oc-8f"/>
            <object_component_ref idref="oc-94"/>
            <object_component_ref idref="oc-99"/>
            <object_component_ref idref="oc-a0"/>
            <object_component_ref idref="oc-a8"/>
            <object_component_ref idref="oc-ae"/>
            <object_component_ref idref="oc-b3"/>
            <object_component_ref idref="oc-b8"/>
            <object_component_ref idref="oc-bd"/>
            <object_component_ref idref="oc-c2"/>
            <object_component_ref idref="oc-c7"/>
            <object_component_ref idref="oc-cc"/>
            <object_component_ref idref="oc-d3"/>
            <object_component_ref idref="oc-d8"/>
            <object_component_ref idref="oc-dd"/>
            <object_component_ref idref="oc-13e"/>
         </contents>
      </logical_group>
      <logical_group id="lg-138" display="never" color="cyan">
         <name>.debug_aranges</name>
         <load_address>0x0</load_address>
         <run_address>0x0</run_address>
         <size>0x500</size>
         <contents>
            <object_component_ref idref="oc-45"/>
            <object_component_ref idref="oc-4b"/>
            <object_component_ref idref="oc-51"/>
            <object_component_ref idref="oc-57"/>
            <object_component_ref idref="oc-8b"/>
            <object_component_ref idref="oc-90"/>
            <object_component_ref idref="oc-95"/>
            <object_component_ref idref="oc-9a"/>
            <object_component_ref idref="oc-a1"/>
            <object_component_ref idref="oc-a9"/>
            <object_component_ref idref="oc-af"/>
            <object_component_ref idref="oc-b4"/>
            <object_component_ref idref="oc-b9"/>
            <object_component_ref idref="oc-be"/>
            <object_component_ref idref="oc-c3"/>
            <object_component_ref idref="oc-c8"/>
            <object_component_ref idref="oc-cd"/>
            <object_component_ref idref="oc-d4"/>
            <object_component_ref idref="oc-d9"/>
            <object_component_ref idref="oc-de"/>
         </contents>
      </logical_group>
   </logical_group_list>
   <placement_map>
      <memory_area display="yes" color="green">
         <name>RAML0</name>
         <page_id>0x0</page_id>
         <origin>0x8000</origin>
         <length>0x1000</length>
         <used_space>0x0</used_space>
         <unused_space>0x1000</unused_space>
         <attributes>RWIX</attributes>
         <usage_details>
            <allocated_space>
               <start_address>0x8000</start_address>
               <size>0x0</size>
               <logical_group_ref idref="lg-33"/>
            </allocated_space>
            <available_space>
               <start_address>0x8000</start_address>
               <size>0x1000</size>
            </available_space>
         </usage_details>
      </memory_area>
      <memory_area display="yes" color="green">
         <name>OTP</name>
         <page_id>0x0</page_id>
         <origin>0x3d7800</origin>
         <length>0x400</length>
         <used_space>0x0</used_space>
         <unused_space>0x400</unused_space>
         <attributes>RWIX</attributes>
         <usage_details>
         </usage_details>
      </memory_area>
      <memory_area display="yes" color="green">
         <name>FLASHD</name>
         <page_id>0x0</page_id>
         <origin>0x3f4000</origin>
         <length>0x1000</length>
         <used_space>0x0</used_space>
         <unused_space>0x1000</unused_space>
         <attributes>RWIX</attributes>
         <usage_details>
         </usage_details>
      </memory_area>
      <memory_area display="yes" color="green">
         <name>FLASHC</name>
         <page_id>0x0</page_id>
         <origin>0x3f5000</origin>
         <length>0x1000</length>
         <used_space>0x0</used_space>
         <unused_space>0x1000</unused_space>
         <attributes>RWIX</attributes>
         <usage_details>
         </usage_details>
      </memory_area>
      <memory_area display="yes" color="green">
         <name>FLASHA</name>
         <page_id>0x0</page_id>
         <origin>0x3f7000</origin>
         <length>0xf80</length>
         <used_space>0x771</used_space>
         <unused_space>0x80f</unused_space>
         <attributes>RWIX</attributes>
         <usage_details>
            <allocated_space>
               <start_address>0x3f7000</start_address>
               <size>0x637</size>
               <logical_group_ref idref="lg-31"/>
            </allocated_space>
            <available_space>
               <start_address>0x3f7637</start_address>
               <size>0x1</size>
            </available_space>
            <allocated_space>
               <start_address>0x3f7638</start_address>
               <size>0x100</size>
               <logical_group_ref idref="lg-39"/>
            </allocated_space>
            <allocated_space>
               <start_address>0x3f7738</start_address>
               <size>0x3a</size>
               <logical_group_ref idref="lg-2f"/>
            </allocated_space>
            <available_space>
               <start_address>0x3f7772</start_address>
               <size>0x80e</size>
            </available_space>
         </usage_details>
      </memory_area>
      <memory_area display="yes" color="green">
         <name>CSM_RSVD</name>
         <page_id>0x0</page_id>
         <origin>0x3f7f80</origin>
         <length>0x76</length>
         <used_space>0x0</used_space>
         <unused_space>0x76</unused_space>
         <attributes>RWIX</attributes>
         <usage_details>
         </usage_details>
      </memory_area>
      <memory_area display="no" color="green">
         <name>BEGIN</name>
         <page_id>0x0</page_id>
         <origin>0x3f7ff6</origin>
         <length>0x2</length>
         <used_space>0x2</used_space>
         <unused_space>0x0</unused_space>
         <attributes>RWIX</attributes>
         <usage_details>
            <allocated_space>
               <start_address>0x3f7ff6</start_address>
               <size>0x2</size>
               <logical_group_ref idref="lg-32"/>
            </allocated_space>
         </usage_details>
      </memory_area>
      <memory_area display="no" color="green">
         <name>CSM_PWL</name>
         <page_id>0x0</page_id>
         <origin>0x3f7ff8</origin>
         <length>0x8</length>
         <used_space>0x0</used_space>
         <unused_space>0x8</unused_space>
         <attributes>RWIX</attributes>
         <usage_details>
         </usage_details>
      </memory_area>
      <memory_area display="yes" color="green">
         <name>ROM</name>
         <page_id>0x0</page_id>
         <origin>0x3ff000</origin>
         <length>0xfc0</length>
         <used_space>0x0</used_space>
         <unused_space>0xfc0</unused_space>
         <attributes>RWIX</attributes>
[...]
      </symbol>
      <symbol id="sm-14d">
         <name>_SPITXINTD_ISR</name>
         <value>0x3f70ff</value>
         <object_component_ref idref="oc-53"/>
      </symbol>
      <symbol id="sm-14f">
         <name>_SPIRXINTD_ISR</name>
         <value>0x3f70fa</value>
         <object_component_ref idref="oc-53"/>
      </symbol>
      <symbol id="sm-151">
         <name>_USER7_ISR</name>
         <value>0x3f7041</value>
         <object_component_ref idref="oc-53"/>
      </symbol>
      <symbol id="sm-153">
         <name>_XINT1_ISR</name>
         <value>0x3f7069</value>
         <object_component_ref idref="oc-53"/>
      </symbol>
      <symbol id="sm-155">
         <name>_INT14_ISR</name>
         <value>0x3f7005</value>
         <object_component_ref idref="oc-53"/>
      </symbol>
      <symbol id="sm-157">
         <name>_USER6_ISR</name>
         <value>0x3f703c</value>
         <object_component_ref idref="oc-53"/>
      </symbol>
      <symbol id="sm-159">
         <name>_ECAP4_INT_ISR</name>
         <value>0x3f70cd</value>
         <object_component_ref idref="oc-53"/>
      </symbol>
      <symbol id="sm-15b">
         <name>_USER12_ISR</name>
         <value>0x3f705a</value>
         <object_component_ref idref="oc-53"/>
      </symbol>
      <symbol id="sm-15d">
         <name>_ADCINT_ISR</name>
         <value>0x3f7073</value>
         <object_component_ref idref="oc-53"/>
      </symbol>
      <symbol id="sm-15f">
         <name>_USER1_ISR</name>
         <value>0x3f7023</value>
         <object_component_ref idref="oc-53"/>
      </symbol>
      <symbol id="sm-161">
         <name>_EPWM5_INT_ISR</name>
         <value>0x3f70b4</value>
         <object_component_ref idref="oc-53"/>
      </symbol>
      <symbol id="sm-163">
         <name>_NMI_ISR</name>
         <value>0x3f7019</value>
         <object_component_ref idref="oc-53"/>
      </symbol>
      <symbol id="sm-165">
         <name>_SCITXINTB_ISR</name>
         <value>0x3f711d</value>
         <object_component_ref idref="oc-53"/>
      </symbol>
      <symbol id="sm-167">
         <name>_SCIRXINTB_ISR</name>
         <value>0x3f7118</value>
         <object_component_ref idref="oc-53"/>
      </symbol>
      <symbol id="sm-169">
         <name>_ECAN1INTA_ISR</name>
         <value>0x3f7127</value>
         <object_component_ref idref="oc-53"/>
      </symbol>
      <symbol id="sm-16b">
         <name>_ECAP2_INT_ISR</name>
         <value>0x3f70c3</value>
         <object_component_ref idref="oc-53"/>
      </symbol>
      <symbol id="sm-16d">
         <name>_PIE_RESERVED</name>
         <value>0x3f713b</value>
         <object_component_ref idref="oc-53"/>
      </symbol>
      <symbol id="sm-16f">
         <name>_I2CINT1A_ISR</name>
         <value>0x3f7104</value>
         <object_component_ref idref="oc-53"/>
      </symbol>
      <symbol id="sm-171">
         <name>_XINT2_ISR</name>
         <value>0x3f706e</value>
         <object_component_ref idref="oc-53"/>
      </symbol>
      <symbol id="sm-173">
         <name>_I2CINT2A_ISR</name>
         <value>0x3f7109</value>
         <object_component_ref idref="oc-53"/>
      </symbol>
      <symbol id="sm-175">
         <name>_RTOSINT_ISR</name>
         <value>0x3f700f</value>
         <object_component_ref idref="oc-53"/>
      </symbol>
      <symbol id="sm-177">
         <name>_EPWM3_INT_ISR</name>
         <value>0x3f70aa</value>
         <object_component_ref idref="oc-53"/>
      </symbol>
      <symbol id="sm-179">
         <name>_ECAN1INTB_ISR</name>
         <value>0x3f7131</value>
         <object_component_ref idref="oc-53"/>
      </symbol>
      <symbol id="sm-17b">
         <name>_SPITXINTB_ISR</name>
         <value>0x3f70eb</value>
         <object_component_ref idref="oc-53"/>
      </symbol>
      <symbol id="sm-17d">
         <name>_SPIRXINTB_ISR</name>
         <value>0x3f70e6</value>
         <object_component_ref idref="oc-53"/>
      </symbol>
      <symbol id="sm-17f">
         <name>_USER9_ISR</name>
         <value>0x3f704b</value>
         <object_component_ref idref="oc-53"/>
      </symbol>
      <symbol id="sm-181">
         <name>_USER3_ISR</name>
         <value>0x3f702d</value>
         <object_component_ref idref="oc-53"/>
      </symbol>
      <symbol id="sm-183">
         <name>_EQEP1_INT_ISR</name>
         <value>0x3f70d2</value>
         <object_component_ref idref="oc-53"/>
      </symbol>
      <symbol id="sm-185">
         <name>_SPITXINTC_ISR</name>
         <value>0x3f70f5</value>
         <object_component_ref idref="oc-53"/>
      </symbol>
      <symbol id="sm-187">
         <name>_SPIRXINTC_ISR</name>
         <value>0x3f70f0</value>
         <object_component_ref idref="oc-53"/>
      </symbol>
      <symbol id="sm-189">
         <name>_USER8_ISR</name>
         <value>0x3f7046</value>
         <object_component_ref idref="oc-53"/>
      </symbol>
      <symbol id="sm-18b">
         <name>_EPWM1_INT_ISR</name>
         <value>0x3f70a0</value>
         <object_component_ref idref="oc-53"/>
      </symbol>
      <symbol id="sm-18d">
         <name>_SEQ2INT_ISR</name>
         <value>0x3f7064</value>
         <object_component_ref idref="oc-53"/>
      </symbol>
      <symbol id="sm-18f">
         <name>_USER2_ISR</name>
         <value>0x3f7028</value>
         <object_component_ref idref="oc-53"/>
      </symbol>
      <symbol id="sm-191">
         <name>_SCITXINTA_ISR</name>
         <value>0x3f7113</value>
         <object_component_ref idref="oc-53"/>
      </symbol>
      <symbol id="sm-193">
         <name>_SCIRXINTA_ISR</name>
         <value>0x3f710e</value>
         <object_component_ref idref="oc-53"/>
      </symbol>
      <symbol id="sm-195">
         <name>_rsvd_ISR</name>
         <value>0x3f7140</value>
         <object_component_ref idref="oc-53"/>
      </symbol>
      <symbol id="sm-1f6">
         <name>_SpidRegs</name>
         <value>0x7780</value>
         <object_component_ref idref="oc-66"/>
      </symbol>
      <symbol id="sm-1f7">
         <name>_GpioCtrlRegs</name>
         <value>0x6f80</value>
         <object_component_ref idref="oc-81"/>
      </symbol>
      <symbol id="sm-1f8">
         <name>_PieVectTable</name>
         <value>0xd00</value>
         <object_component_ref idref="oc-85"/>
      </symbol>
      <symbol id="sm-1f9">
         <name>_ECap4Regs</name>
         <value>0x6a60</value>
         <object_component_ref idref="oc-6d"/>
      </symbol>
      <symbol id="sm-1fa">
         <name>_CsmRegs</name>
         <value>0xae0</value>
         <object_component_ref idref="oc-60"/>
      </symbol>
      <symbol id="sm-1fb">
         <name>_ECanaLAMRegs</name>
         <value>0x6040</value>
         <object_component_ref idref="oc-79"/>
      </symbol>
      <symbol id="sm-1fc">
         <name>_ECanbMOTORegs</name>
         <value>0x62c0</value>
         <object_component_ref idref="oc-7e"/>
      </symbol>
      <symbol id="sm-1fd">
         <name>_EPwm4Regs</name>
         <value>0x68c0</value>
         <object_component_ref idref="oc-73"/>
      </symbol>
      <symbol id="sm-1fe">
         <name>_CpuTimer1Regs</name>
         <value>0xc08</value>
         <object_component_ref idref="oc-5a"/>
      </symbol>
      <symbol id="sm-1ff">
         <name>_SysCtrlRegs</name>
         <value>0x7010</value>
         <object_component_ref idref="oc-6f"/>
      </symbol>
      <symbol id="sm-200">
         <name>_EPwm5Regs</name>
         <value>0x6900</value>
         <object_component_ref idref="oc-74"/>
      </symbol>
      <symbol id="sm-201">
         <name>_SpiaRegs</name>
         <value>0x7040</value>
         <object_component_ref idref="oc-63"/>
      </symbol>
      <symbol id="sm-202">
         <name>_ECanaMOTSRegs</name>
         <value>0x6080</value>
         <object_component_ref idref="oc-7a"/>
      </symbol>
      <symbol id="sm-203">
         <name>_FlashRegs</name>
         <value>0xa80</value>
         <object_component_ref idref="oc-5d"/>
      </symbol>
      <symbol id="sm-204">
         <name>_CpuTimer0Regs</name>
         <value>0xc00</value>
         <object_component_ref idref="oc-59"/>
      </symbol>
      <symbol id="sm-205">
         <name>_DevEmuRegs</name>
         <value>0x880</value>
         <object_component_ref idref="oc-82"/>
      </symbol>
      <symbol id="sm-206">
         <name>_EPwm6Regs</name>
         <value>0x6940</value>
         <object_component_ref idref="oc-75"/>
      </symbol>
      <symbol id="sm-207">
         <name>_SciaRegs</name>
         <value>0x7050</value>
         <object_component_ref idref="oc-61"/>
      </symbol>
      <symbol id="sm-208">
         <name>_GpioDataRegs</name>
         <value>0x6fc0</value>
         <object_component_ref idref="oc-6e"/>
      </symbol>
      <symbol id="sm-209">
         <name>_CsmPwl</name>
         <value>0x3f7ff8</value>
         <object_component_ref idref="oc-5c"/>
      </symbol>
      <symbol id="sm-20a">
         <name>_AdcRegs</name>
         <value>0x7100</value>
         <object_component_ref idref="oc-69"/>
      </symbol>
      <symbol id="sm-20b">
         <name>_SpicRegs</name>
         <value>0x7760</value>
         <object_component_ref idref="oc-65"/>
      </symbol>
      <symbol id="sm-20c">
         <name>_XIntruptRegs</name>
         <value>0x7070</value>
         <object_component_ref idref="oc-67"/>
      </symbol>
      <symbol id="sm-20d">
         <name>_CpuTimer2Regs</name>
         <value>0xc10</value>
         <object_component_ref idref="oc-5b"/>
      </symbol>
      <symbol id="sm-20e">
         <name>_PieCtrlRegs</name>
         <value>0xce0</value>
         <object_component_ref idref="oc-68"/>
      </symbol>
      <symbol id="sm-20f">
         <name>_ECanbMOTSRegs</name>
         <value>0x6280</value>
         <object_component_ref idref="oc-7d"/>
      </symbol>
      <symbol id="sm-210">
         <name>_SpibRegs</name>
         <value>0x7740</value>
         <object_component_ref idref="oc-64"/>
      </symbol>
      <symbol id="sm-211">
         <name>_ECanaRegs</name>
         <value>0x6000</value>
         <object_component_ref idref="oc-77"/>
      </symbol>
      <symbol id="sm-212">
         <name>_AdcMirror</name>
         <value>0xb00</value>
         <object_component_ref idref="oc-5f"/>
      </symbol>
      <symbol id="sm-213">
         <name>_ECanbMboxes</name>
         <value>0x6300</value>
         <object_component_ref idref="oc-84"/>
      </symbol>
      <symbol id="sm-214">
         <name>_ECap1Regs</name>
         <value>0x6a00</value>
         <object_component_ref idref="oc-6a"/>
      </symbol>
      <symbol id="sm-215">
         <name>_EQep1Regs</name>
         <value>0x6b00</value>
         <object_component_ref idref="oc-7f"/>
      </symbol>
      <symbol id="sm-216">
         <name>_EPwm1Regs</name>
         <value>0x6800</value>
         <object_component_ref idref="oc-70"/>
      </symbol>
      <symbol id="sm-217">
         <name>_ECanbRegs</name>
         <value>0x6200</value>
         <object_component_ref idref="oc-78"/>
      </symbol>
      <symbol id="sm-218">
         <name>_ScibRegs</name>
         <value>0x7750</value>
         <object_component_ref idref="oc-62"/>
      </symbol>
      <symbol id="sm-219">
         <name>_ECap2Regs</name>
         <value>0x6a20</value>
         <object_component_ref idref="oc-6b"/>
      </symbol>
      <symbol id="sm-21a">
         <name>_GpioIntRegs</name>
         <value>0x6fe0</value>
         <object_component_ref idref="oc-5e"/>
      </symbol>
      <symbol id="sm-21b">
         <name>_EQep2Regs</name>
         <value>0x6b40</value>
         <object_component_ref idref="oc-80"/>
      </symbol>
      <symbol id="sm-21c">
         <name>_EPwm2Regs</name>
         <value>0x6840</value>
         <object_component_ref idref="oc-71"/>
      </symbol>
      <symbol id="sm-21d">
         <name>_ECanaMboxes</name>
         <value>0x6100</value>
         <object_component_ref idref="oc-83"/>
      </symbol>
      <symbol id="sm-21e">
         <name>_ECap3Regs</name>
         <value>0x6a40</value>
         <object_component_ref idref="oc-6c"/>
      </symbol>
      <symbol id="sm-21f">
         <name>_ECanaMOTORegs</name>
         <value>0x60c0</value>
         <object_component_ref idref="oc-7b"/>
      </symbol>
      <symbol id="sm-220">
         <name>_EPwm3Regs</name>
         <value>0x6880</value>
         <object_component_ref idref="oc-72"/>
      </symbol>
      <symbol id="sm-221">
         <name>_ECanbLAMRegs</name>
         <value>0x6240</value>
         <object_component_ref idref="oc-7c"/>
      </symbol>
      <symbol id="sm-222">
         <name>_I2caRegs</name>
         <value>0x7900</value>
         <object_component_ref idref="oc-76"/>
      </symbol>
      <symbol id="sm-22e">
         <name>_InitPieCtrl</name>
         <value>0x3f756a</value>
         <object_component_ref idref="oc-ee"/>
      </symbol>
      <symbol id="sm-230">
         <name>_EnableInterrupts</name>
         <value>0x3f7589</value>
         <object_component_ref idref="oc-ee"/>
      </symbol>
      <symbol id="sm-241">
         <name>_PieVectTableInit</name>
         <value>0x3f7638</value>
         <object_component_ref idref="oc-f2"/>
      </symbol>
      <symbol id="sm-242">
         <name>_InitPieVectTable</name>
         <value>0x3f75b6</value>
         <object_component_ref idref="oc-ef"/>
      </symbol>
      <symbol id="sm-25c">
         <name>_InitPll</name>
         <value>0x3f7279</value>
         <object_component_ref idref="oc-ed"/>
      </symbol>
      <symbol id="sm-25e">
         <name>_DisableDog</name>
         <value>0x3f7271</value>
         <object_component_ref idref="oc-ed"/>
      </symbol>
      <symbol id="sm-260">
         <name>_InitPeripheralClocks</name>
         <value>0x3f72a6</value>
         <object_component_ref idref="oc-ed"/>
      </symbol>
      <symbol id="sm-262">
         <name>_CsmUnlock</name>
         <value>0x3f731e</value>
         <object_component_ref idref="oc-ed"/>
      </symbol>
      <symbol id="sm-264">
         <name>_ServiceDog</name>
         <value>0x3f7267</value>
         <object_component_ref idref="oc-ed"/>
      </symbol>
      <symbol id="sm-266">
         <name>_InitSysCtrl</name>
         <value>0x3f725e</value>
         <object_component_ref idref="oc-ed"/>
      </symbol>
      <symbol id="sm-273">
         <name>_init</name>
         <value>0x3f74e6</value>
         <object_component_ref idref="oc-ea"/>
      </symbol>
      <symbol id="sm-29e">
         <name>_warn_zustand</name>
         <value>0x48c</value>
         <object_component_ref idref="oc-9d"/>
      </symbol>
      <symbol id="sm-29f">
         <name>_zuendungstaster</name>
         <value>0x3f7145</value>
         <object_component_ref idref="oc-e4"/>
      </symbol>
      <symbol id="sm-2a1">
         <name>_warntaster</name>
         <value>0x3f7183</value>
         <object_component_ref idref="oc-e4"/>
      </symbol>
      <symbol id="sm-2a3">
         <name>_rechtsblinken</name>
         <value>0x3f71c6</value>
         <object_component_ref idref="oc-e4"/>
      </symbol>
      <symbol id="sm-2a5">
         <name>_flag</name>
         <value>0x488</value>
         <object_component_ref idref="oc-9d"/>
      </symbol>
      <symbol id="sm-2a6">
         <name>_zuendung</name>
         <value>0x48b</value>
         <object_component_ref idref="oc-9d"/>
      </symbol>
      <symbol id="sm-2a7">
         <name>_richtungs_blinken_flag</name>
         <value>0x489</value>
         <object_component_ref idref="oc-9d"/>
      </symbol>
      <symbol id="sm-2a8">
         <name>_zustand</name>
         <value>0x48d</value>
         <object_component_ref idref="oc-9d"/>
      </symbol>
      <symbol id="sm-2a9">
         <name>_linksblinken</name>
         <value>0x3f7212</value>
         <object_component_ref idref="oc-e4"/>
      </symbol>
      <symbol id="sm-2ab">
         <name>_pressed</name>
         <value>0x48a</value>
         <object_component_ref idref="oc-9d"/>
      </symbol>
      <symbol id="sm-2ac">
         <name>_links_blink_zustand</name>
         <value>0x48e</value>
         <object_component_ref idref="oc-9d"/>
      </symbol>
      <symbol id="sm-2c5">
         <name>_cpu_timer0_isr</name>
         <value>0x3f734f</value>
         <object_component_ref idref="oc-a5"/>
      </symbol>
      <symbol id="sm-2c7">
         <name>_blinken</name>
         <value>0x3f75d6</value>
         <object_component_ref idref="oc-e5"/>
      </symbol>
      <symbol id="sm-2c9">
         <name>_counter</name>
         <value>0x48f</value>
         <object_component_ref idref="oc-a4"/>
      </symbol>
      <symbol id="sm-2e4">
         <name>_c_int00</name>
         <value>0x3f7411</value>
         <object_component_ref idref="oc-40"/>
      </symbol>
      <symbol id="sm-2e5">
         <name>__stack</name>
         <value>0x0</value>
         <object_component_ref idref="oc-aa"/>
      </symbol>
      <symbol id="sm-2f6">
         <name>FS$$MPY</name>
         <value>0x3f73b7</value>
         <object_component_ref idref="oc-b0"/>
      </symbol>
      <symbol id="sm-309">
         <name>FS$$TOL</name>
         <value>0x3f7541</value>
         <object_component_ref idref="oc-b5"/>
      </symbol>
      <symbol id="sm-318">
         <name>_copy_in</name>
         <value>0x3f7592</value>
         <object_component_ref idref="oc-e0"/>
      </symbol>
      <symbol id="sm-32a">
         <name>_memcpy</name>
         <value>0x3f75f5</value>
         <object_component_ref idref="oc-e6"/>
      </symbol>
      <symbol id="sm-337">
         <name>__system_pre_init</name>
         <value>0x3f7634</value>
         <object_component_ref idref="oc-df"/>
      </symbol>
      <symbol id="sm-345">
         <name>__system_post_cinit</name>
         <value>0x3f7636</value>
         <object_component_ref idref="oc-e1"/>
      </symbol>
      <symbol id="sm-35a">
         <name>C$$EXIT</name>
         <value>0x3f7518</value>
         <object_component_ref idref="oc-e3"/>
      </symbol>
      <symbol id="sm-35b">
         <name>_exit</name>
         <value>0x3f751a</value>
         <object_component_ref idref="oc-e3"/>
      </symbol>
      <symbol id="sm-35d">
         <name>___TI_cleanup_ptr</name>
         <value>0x492</value>
         <object_component_ref idref="oc-d0"/>
      </symbol>
      <symbol id="sm-35e">
         <name>___TI_enable_exit_profile_output</name>
         <value>0x490</value>
         <object_component_ref idref="oc-d0"/>
      </symbol>
      <symbol id="sm-35f">
         <name>_abort</name>
         <value>0x3f7518</value>
         <object_component_ref idref="oc-e3"/>
      </symbol>
      <symbol id="sm-361">
         <name>___TI_dtors_ptr</name>
         <value>0x494</value>
         <object_component_ref idref="oc-d0"/>
      </symbol>
      <symbol id="sm-375">
         <name>__unlock</name>
         <value>0x498</value>
         <object_component_ref idref="oc-f1"/>
      </symbol>
      <symbol id="sm-376">
         <name>__lock</name>
         <value>0x496</value>
         <object_component_ref idref="oc-e8"/>
      </symbol>
      <symbol id="sm-377">
         <name>__register_lock</name>
         <value>0x3f7627</value>
         <object_component_ref idref="oc-eb"/>
      </symbol>
      <symbol id="sm-379">
         <name>__nop</name>
         <value>0x3f762b</value>
         <object_component_ref idref="oc-eb"/>
      </symbol>
      <symbol id="sm-37b">
         <name>__register_unlock</name>
         <value>0x3f7623</value>
         <object_component_ref idref="oc-eb"/>
      </symbol>
      <symbol id="sm-38b">
         <name>__args_main</name>
         <value>0x3f7612</value>
         <object_component_ref idref="oc-e2"/>
      </symbol>
   </symbol_table>
   <title>Link successful</title>
</link_info>
